#! /usr/local/Cellar/icarus-verilog/13.0/bin/vvp
:ivl_version "13.0 (stable)" "(v13_0)";
:ivl_delay_selection "TYPICAL";
:vpi_time_precision - 12;
:vpi_module "/usr/local/Cellar/icarus-verilog/13.0/lib/ivl/system.vpi";
:vpi_module "/usr/local/Cellar/icarus-verilog/13.0/lib/ivl/vhdl_sys.vpi";
:vpi_module "/usr/local/Cellar/icarus-verilog/13.0/lib/ivl/vhdl_textio.vpi";
:vpi_module "/usr/local/Cellar/icarus-verilog/13.0/lib/ivl/v2005_math.vpi";
:vpi_module "/usr/local/Cellar/icarus-verilog/13.0/lib/ivl/va_math.vpi";
:vpi_module "/usr/local/Cellar/icarus-verilog/13.0/lib/ivl/v2009.vpi";
S_0x7ff55485d610 .scope package, "$unit" "$unit" 2 1;
 .timescale 0 0;
S_0x7ff55485cf10 .scope module, "Lift8" "Lift8" 3 517;
 .timescale -9 -12;
    .port_info 0 /INPUT 1 "clk";
    .port_info 1 /INPUT 1 "reset";
    .port_info 2 /INPUT 3 "req_floor";
    .port_info 3 /OUTPUT 2 "idle";
    .port_info 4 /OUTPUT 2 "door";
    .port_info 5 /OUTPUT 2 "Up";
    .port_info 6 /OUTPUT 2 "Down";
    .port_info 7 /OUTPUT 3 "current_floor";
    .port_info 8 /OUTPUT 8 "requests";
    .port_info 9 /OUTPUT 3 "max_request";
    .port_info 10 /OUTPUT 3 "min_request";
    .port_info 11 /INPUT 1 "emergency_stop";
L_0x7ff554889910 .functor AND 1, L_0x7ff554889710, L_0x7ff554889810, C4<1>, C4<1>;
L_0x7ff55488a460 .functor BUFZ 3, v0x7ff55487f4f0_0, C4<000>, C4<000>, C4<000>;
v0x7ff554880ad0_0 .net "Down", 1 0, L_0x7ff55488ab40;  1 drivers
v0x7ff554880b60_0 .net "Up", 1 0, L_0x7ff55488a9e0;  1 drivers
v0x7ff55485e0b0_0 .net *"_ivl_0", 0 0, L_0x7ff554889710;  1 drivers
L_0x7ff554a73248 .functor BUFT 1, C4<111>, C4<0>, C4<0>, C4<0>;
v0x7ff554880bf0_0 .net/2u *"_ivl_20", 2 0, L_0x7ff554a73248;  1 drivers
L_0x7ff554a73290 .functor BUFT 1, C4<000>, C4<0>, C4<0>, C4<0>;
v0x7ff554880c80_0 .net/2u *"_ivl_24", 2 0, L_0x7ff554a73290;  1 drivers
L_0x7ff554a732d8 .functor BUFT 1, C4<0>, C4<0>, C4<0>, C4<0>;
v0x7ff554880d50_0 .net/2u *"_ivl_28", 0 0, L_0x7ff554a732d8;  1 drivers
v0x7ff554880df0_0 .net *"_ivl_3", 0 0, L_0x7ff554889810;  1 drivers
L_0x7ff554a73320 .functor BUFT 1, C4<0>, C4<0>, C4<0>, C4<0>;
v0x7ff554880e90_0 .net/2u *"_ivl_32", 0 0, L_0x7ff554a73320;  1 drivers
L_0x7ff554a73368 .functor BUFT 1, C4<0>, C4<0>, C4<0>, C4<0>;
v0x7ff554880f40_0 .net/2u *"_ivl_36", 0 0, L_0x7ff554a73368;  1 drivers
L_0x7ff554a733b0 .functor BUFT 1, C4<0>, C4<0>, C4<0>, C4<0>;
v0x7ff554881050_0 .net/2u *"_ivl_40", 0 0, L_0x7ff554a733b0;  1 drivers
v0x7ff554881100_0 .net "bottom_limit_i", 0 0, L_0x7ff55488a690;  1 drivers
o0x7ff554a42818 .functor BUFZ 1, c4<z>; HiZ drive
v0x7ff5548811b0_0 .net "clk", 0 0, o0x7ff554a42818;  0 drivers
v0x7ff554881240_0 .net "cur_floor", 2 0, v0x7ff55487f4f0_0;  1 drivers
v0x7ff5548812d0_0 .net "current_floor", 2 0, L_0x7ff55488a460;  1 drivers
v0x7ff554881360_0 .net "door", 1 0, L_0x7ff55488a8e0;  1 drivers
v0x7ff554881410_0 .net "door_open", 0 0, v0x7ff55487ea80_0;  1 drivers
o0x7ff554a42a58 .functor BUFZ 1, c4<z>; HiZ drive
v0x7ff5548814c0_0 .net "emergency_stop", 0 0, o0x7ff554a42a58;  0 drivers
v0x7ff554881670_0 .net "estop_latched", 0 0, L_0x7ff55488a2b0;  1 drivers
v0x7ff554881700_0 .net "fsm_state", 2 0, L_0x7ff55488a3b0;  1 drivers
v0x7ff554881790_0 .net "idle", 1 0, L_0x7ff55488a7b0;  1 drivers
v0x7ff554881820_0 .net "idle_o", 0 0, v0x7ff55487f9f0_0;  1 drivers
v0x7ff5548818b0_0 .net "max_request", 2 0, L_0x7ff554889af0;  1 drivers
v0x7ff554881940_0 .net "min_request", 2 0, L_0x7ff554889ba0;  1 drivers
v0x7ff5548819f0_0 .net "moving_down", 0 0, L_0x7ff554889fb0;  1 drivers
v0x7ff554881aa0_0 .net "moving_up", 0 0, L_0x7ff554889e90;  1 drivers
o0x7ff554a42fc8 .functor BUFZ 3, c4<zzz>; HiZ drive
v0x7ff554881b50_0 .net "req_floor", 2 0, o0x7ff554a42fc8;  0 drivers
v0x7ff554881c00_0 .var "req_floor_q", 2 0;
v0x7ff554881c90_0 .net "req_valid", 0 0, L_0x7ff554889910;  1 drivers
v0x7ff554881d40_0 .net "requests", 7 0, L_0x7ff554889a40;  1 drivers
o0x7ff554a430b8 .functor BUFZ 1, c4<z>; HiZ drive
v0x7ff554881df0_0 .net "reset", 0 0, o0x7ff554a430b8;  0 drivers
v0x7ff554881ea0_0 .net "service_dir_down", 0 0, v0x7ff55487e6c0_0;  1 drivers
v0x7ff554881f50_0 .net "service_dir_up", 0 0, v0x7ff55487e800_0;  1 drivers
v0x7ff554882000_0 .net "top_limit_i", 0 0, L_0x7ff55488a570;  1 drivers
L_0x7ff554889710 .cmp/ne 3, o0x7ff554a42fc8, v0x7ff554881c00_0;
L_0x7ff554889810 .reduce/nor o0x7ff554a430b8;
L_0x7ff55488a570 .cmp/eq 3, v0x7ff55487f4f0_0, L_0x7ff554a73248;
L_0x7ff55488a690 .cmp/eq 3, v0x7ff55487f4f0_0, L_0x7ff554a73290;
L_0x7ff55488a7b0 .concat [ 1 1 0 0], v0x7ff55487f9f0_0, L_0x7ff554a732d8;
L_0x7ff55488a8e0 .concat [ 1 1 0 0], v0x7ff55487ea80_0, L_0x7ff554a73320;
L_0x7ff55488a9e0 .concat [ 1 1 0 0], v0x7ff55487e800_0, L_0x7ff554a73368;
L_0x7ff55488ab40 .concat [ 1 1 0 0], v0x7ff55487e6c0_0, L_0x7ff554a733b0;
S_0x7ff55485c110 .scope module, "u_ctrl" "elevator_controller" 3 560, 3 8 0, S_0x7ff55485cf10;
 .timescale -9 -12;
    .port_info 0 /INPUT 1 "clk";
    .port_info 1 /INPUT 1 "reset";
    .port_info 2 /INPUT 1 "req_valid";
    .port_info 3 /INPUT 3 "req_floor";
    .port_info 4 /INPUT 1 "req_cabin";
    .port_info 5 /INPUT 1 "req_hall_up";
    .port_info 6 /INPUT 8 "cabin_buttons";
    .port_info 7 /INPUT 8 "hall_up_buttons";
    .port_info 8 /INPUT 8 "hall_down_buttons";
    .port_info 9 /INPUT 1 "emergency_stop";
    .port_info 10 /INPUT 1 "top_limit";
    .port_info 11 /INPUT 1 "bottom_limit";
    .port_info 12 /INPUT 1 "door_obstructed";
    .port_info 13 /OUTPUT 1 "door_open";
    .port_info 14 /OUTPUT 1 "idle";
    .port_info 15 /OUTPUT 1 "moving_up";
    .port_info 16 /OUTPUT 1 "moving_down";
    .port_info 17 /OUTPUT 1 "service_dir_up";
    .port_info 18 /OUTPUT 1 "service_dir_down";
    .port_info 19 /OUTPUT 3 "current_floor";
    .port_info 20 /OUTPUT 8 "pending_requests";
    .port_info 21 /OUTPUT 3 "max_request";
    .port_info 22 /OUTPUT 3 "min_request";
    .port_info 23 /OUTPUT 1 "estop_latched";
    .port_info 24 /OUTPUT 3 "fsm_state";
P_0x7ff554863170 .param/l "DOOR_OPEN_CYCLES" 0 3 10, C4<00000000000000000000000000001010>;
P_0x7ff5548631b0 .param/l "DOOR_TIMER_W" 0 3 12, C4<00000000000000000000000000000100>;
P_0x7ff5548631f0 .param/l "FLOOR_W" 0 3 11, C4<00000000000000000000000000000011>;
P_0x7ff554863230 .param/l "MIN_INIT" 1 3 52, C4<111>;
P_0x7ff554863270 .param/l "NUM_FLOORS" 0 3 9, C4<00000000000000000000000000001000>;
P_0x7ff5548632b0 .param/l "TOP_FLOOR" 1 3 51, C4<00000000000000000000000000000111>;
enum0x7ff554828230 .enum4 (3)
   "ST_RESET" 3'b000,
   "ST_DOOR_CLOSED_IDLE" 3'b001,
   "ST_DOOR_OPEN_IDLE" 3'b010,
   "ST_MOVING_UP" 3'b011,
   "ST_MOVING_DOWN" 3'b100,
   "ST_UP_DIR_SETTER" 3'b101,
   "ST_DOWN_DIR_SETTER" 3'b110
 ;
L_0x7ff554889a40 .functor BUFZ 8, v0x7ff5548803e0_0, C4<00000000>, C4<00000000>, C4<00000000>;
L_0x7ff554889af0 .functor BUFZ 3, v0x7ff55487fb40_0, C4<000>, C4<000>, C4<000>;
L_0x7ff554889ba0 .functor BUFZ 3, v0x7ff55487fd50_0, C4<000>, C4<000>, C4<000>;
L_0x7ff55488a2b0 .functor BUFZ 1, v0x7ff55487ee80_0, C4<0>, C4<0>, C4<0>;
L_0x7ff55488a3b0 .functor BUFZ 3, v0x7ff554880720_0, C4<000>, C4<000>, C4<000>;
L_0x7ff554a73008 .functor BUFT 1, C4<011>, C4<0>, C4<0>, C4<0>;
v0x7ff55487df80_0 .net/2u *"_ivl_12", 2 0, L_0x7ff554a73008;  1 drivers
L_0x7ff554a73050 .functor BUFT 1, C4<100>, C4<0>, C4<0>, C4<0>;
v0x7ff55487e040_0 .net/2u *"_ivl_16", 2 0, L_0x7ff554a73050;  1 drivers
v0x7ff55487e0f0_0 .var "any_request", 0 0;
v0x7ff55487e1a0_0 .net "bottom_limit", 0 0, L_0x7ff55488a690;  alias, 1 drivers
L_0x7ff554a73128 .functor BUFT 1, C4<00000000>, C4<0>, C4<0>, C4<0>;
v0x7ff55487e240_0 .net "cabin_buttons", 7 0, L_0x7ff554a73128;  1 drivers
v0x7ff55487e330_0 .var "can_move_down", 0 0;
v0x7ff55487e3d0_0 .var "can_move_up", 0 0;
v0x7ff55487e470_0 .net "clk", 0 0, o0x7ff554a42818;  alias, 0 drivers
v0x7ff55487e510_0 .net "current_floor", 2 0, v0x7ff55487f4f0_0;  alias, 1 drivers
v0x7ff55487e620_0 .var "dir_down_d", 0 0;
v0x7ff55487e6c0_0 .var "dir_down_q", 0 0;
v0x7ff55487e760_0 .var "dir_up_d", 0 0;
v0x7ff55487e800_0 .var "dir_up_q", 0 0;
L_0x7ff554a73200 .functor BUFT 1, C4<0>, C4<0>, C4<0>, C4<0>;
v0x7ff55487e8a0_0 .net "door_obstructed", 0 0, L_0x7ff554a73200;  1 drivers
v0x7ff55487e940_0 .net "door_open", 0 0, v0x7ff55487ea80_0;  alias, 1 drivers
v0x7ff55487e9e0_0 .var "door_open_d", 0 0;
v0x7ff55487ea80_0 .var "door_open_q", 0 0;
v0x7ff55487ec10_0 .var "door_timer_d", 3 0;
v0x7ff55487eca0_0 .var "door_timer_q", 3 0;
v0x7ff55487ed40_0 .net "emergency_stop", 0 0, o0x7ff554a42a58;  alias, 0 drivers
v0x7ff55487ede0_0 .var "estop_active_d", 0 0;
v0x7ff55487ee80_0 .var "estop_active_q", 0 0;
v0x7ff55487ef20_0 .net "estop_latched", 0 0, L_0x7ff55488a2b0;  alias, 1 drivers
v0x7ff55487efc0_0 .var "estop_saved_dir_down_d", 0 0;
v0x7ff55487f060_0 .var "estop_saved_dir_down_q", 0 0;
v0x7ff55487f100_0 .var "estop_saved_dir_up_d", 0 0;
v0x7ff55487f1a0_0 .var "estop_saved_dir_up_q", 0 0;
v0x7ff55487f240_0 .var "estop_saved_state_d", 2 0;
v0x7ff55487f2f0_0 .var "estop_saved_state_q", 2 0;
v0x7ff55487f3a0_0 .var "floor_d", 2 0;
v0x7ff55487f450_0 .var "floor_has_request", 0 0;
v0x7ff55487f4f0_0 .var "floor_q", 2 0;
v0x7ff55487f5a0_0 .net "fsm_state", 2 0, L_0x7ff55488a3b0;  alias, 1 drivers
L_0x7ff554a731b8 .functor BUFT 1, C4<00000000>, C4<0>, C4<0>, C4<0>;
v0x7ff55487eb30_0 .net "hall_down_buttons", 7 0, L_0x7ff554a731b8;  1 drivers
L_0x7ff554a73170 .functor BUFT 1, C4<00000000>, C4<0>, C4<0>, C4<0>;
v0x7ff55487f830_0 .net "hall_up_buttons", 7 0, L_0x7ff554a73170;  1 drivers
v0x7ff55487f8c0_0 .net "idle", 0 0, v0x7ff55487f9f0_0;  alias, 1 drivers
v0x7ff55487f950_0 .var "idle_d", 0 0;
v0x7ff55487f9f0_0 .var "idle_q", 0 0;
v0x7ff55487fa90_0 .var "max_req_d", 2 0;
v0x7ff55487fb40_0 .var "max_req_q", 2 0;
v0x7ff55487fbf0_0 .net "max_request", 2 0, L_0x7ff554889af0;  alias, 1 drivers
v0x7ff55487fca0_0 .var "min_req_d", 2 0;
v0x7ff55487fd50_0 .var "min_req_q", 2 0;
v0x7ff55487fe00_0 .net "min_request", 2 0, L_0x7ff554889ba0;  alias, 1 drivers
v0x7ff55487feb0_0 .net "moving_down", 0 0, L_0x7ff554889fb0;  alias, 1 drivers
v0x7ff55487ff50_0 .net "moving_up", 0 0, L_0x7ff554889e90;  alias, 1 drivers
v0x7ff55487fff0_0 .net "pending_requests", 7 0, L_0x7ff554889a40;  alias, 1 drivers
L_0x7ff554a73098 .functor BUFT 1, C4<1>, C4<0>, C4<0>, C4<0>;
v0x7ff5548800a0_0 .net "req_cabin", 0 0, L_0x7ff554a73098;  1 drivers
v0x7ff554880140_0 .net "req_floor", 2 0, o0x7ff554a42fc8;  alias, 0 drivers
L_0x7ff554a730e0 .functor BUFT 1, C4<0>, C4<0>, C4<0>, C4<0>;
v0x7ff5548801f0_0 .net "req_hall_up", 0 0, L_0x7ff554a730e0;  1 drivers
v0x7ff554880290_0 .net "req_valid", 0 0, L_0x7ff554889910;  alias, 1 drivers
v0x7ff554880330_0 .var "requests_d", 7 0;
v0x7ff5548803e0_0 .var "requests_q", 7 0;
v0x7ff554880490_0 .net "reset", 0 0, o0x7ff554a430b8;  alias, 0 drivers
v0x7ff554880530_0 .net "service_dir_down", 0 0, v0x7ff55487e6c0_0;  alias, 1 drivers
v0x7ff5548805d0_0 .net "service_dir_up", 0 0, v0x7ff55487e800_0;  alias, 1 drivers
v0x7ff554880670_0 .var "state_d", 2 0;
v0x7ff554880720_0 .var "state_q", 2 0;
v0x7ff5548807d0_0 .net "top_limit", 0 0, L_0x7ff55488a570;  alias, 1 drivers
E_0x7ff554874490 .event posedge, v0x7ff554880490_0, v0x7ff55487e470_0;
E_0x7ff554873bb0/0 .event anyedge, v0x7ff554880720_0, v0x7ff5548803e0_0, v0x7ff55487fb40_0, v0x7ff55487fd50_0;
E_0x7ff554873bb0/1 .event anyedge, v0x7ff55487f4f0_0, v0x7ff55487e800_0, v0x7ff55487e6c0_0, v0x7ff55487ea80_0;
E_0x7ff554873bb0/2 .event anyedge, v0x7ff55487f9f0_0, v0x7ff55487eca0_0, v0x7ff55487ee80_0, v0x7ff55487f1a0_0;
E_0x7ff554873bb0/3 .event anyedge, v0x7ff55487f060_0, v0x7ff55487f2f0_0, v0x7ff5548807d0_0, v0x7ff55487e1a0_0;
E_0x7ff554873bb0/4 .event anyedge, v0x7ff55487e240_0, v0x7ff55487f830_0, v0x7ff55487eb30_0, v0x7ff554880290_0;
E_0x7ff554873bb0/5 .event anyedge, v0x7ff554880140_0, v0x7ff5548800a0_0, v0x7ff5548801f0_0, v0x7ff554880490_0;
E_0x7ff554873bb0/6 .event anyedge, v0x7ff55487ed40_0, v0x7ff55487e8a0_0;
E_0x7ff554873bb0 .event/or E_0x7ff554873bb0/0, E_0x7ff554873bb0/1, E_0x7ff554873bb0/2, E_0x7ff554873bb0/3, E_0x7ff554873bb0/4, E_0x7ff554873bb0/5, E_0x7ff554873bb0/6;
L_0x7ff554889e90 .cmp/eq 3, v0x7ff554880720_0, L_0x7ff554a73008;
L_0x7ff554889fb0 .cmp/eq 3, v0x7ff554880720_0, L_0x7ff554a73050;
S_0x7ff55484e8c0 .scope begin, "$unm_blk_16" "$unm_blk_16" 3 214, 3 214 0, S_0x7ff55485c110;
 .timescale -9 -12;
v0x7ff554874a40_0 .var "new_req_bits", 7 0;
S_0x7ff55487b930 .scope autofunction.vec4.s3, "clamp_floor" "clamp_floor" 3 134, 3 134 0, S_0x7ff55485c110;
 .timescale -9 -12;
; Variable clamp_floor is vec4 return value of scope S_0x7ff55487b930
v0x7ff55487bb90_0 .var "floor", 2 0;
TD_Lift8.u_ctrl.clamp_floor ;
    %load/vec4 v0x7ff55487bb90_0;
    %cmpi/u 7, 0, 3;
    %flag_or 5, 4; GT is !LE
    %flag_inv 5;
    %jmp/0xz  T_0.0, 5;
    %pushi/vec4 7, 0, 3;
    %ret/vec4 0, 0, 3;  Assign to clamp_floor (store_vec4_to_lval)
    %disable/flow S_0x7ff55487b930;
T_0.0 ;
    %load/vec4 v0x7ff55487bb90_0;
    %ret/vec4 0, 0, 3;  Assign to clamp_floor (store_vec4_to_lval)
    %disable/flow S_0x7ff55487b930;
    %end;
S_0x7ff55487bc20 .scope autofunction.vec4.s8, "collect_new_requests" "collect_new_requests" 3 169, 3 169 0, S_0x7ff55485c110;
 .timescale -9 -12;
v0x7ff55487c040_0 .var "additions", 7 0;
v0x7ff55487c100_0 .var "cabin_req", 7 0;
; Variable collect_new_requests is vec4 return value of scope S_0x7ff55487bc20
v0x7ff55487c270_0 .var "cur_dir_down", 0 0;
v0x7ff55487c310_0 .var "cur_dir_up", 0 0;
v0x7ff55487c3f0_0 .var "cur_floor", 2 0;
v0x7ff55487c4a0_0 .var "cur_idle", 0 0;
v0x7ff55487c540_0 .var "hall_down_req", 7 0;
v0x7ff55487c5f0_0 .var "hall_up_req", 7 0;
v0x7ff55487c700_0 .var "idx", 2 0;
v0x7ff55487c7b0_0 .var "pulse_cabin", 0 0;
v0x7ff55487c850_0 .var "pulse_floor", 2 0;
v0x7ff55487c900_0 .var "pulse_hall_up", 0 0;
v0x7ff55487c9a0_0 .var "req_pulse", 0 0;
TD_Lift8.u_ctrl.collect_new_requests ;
    %pushi/vec4 0, 0, 8;
    %store/vec4 v0x7ff55487c040_0, 0, 8;
    %fork t_1, S_0x7ff55487bde0;
    %jmp t_0;
    .scope S_0x7ff55487bde0;
t_1 ;
    %pushi/vec4 0, 0, 32;
    %store/vec4 v0x7ff55487bfa0_0, 0, 32;
T_1.2 ; Top of for-loop
    %load/vec4 v0x7ff55487bfa0_0;
    %cmpi/s 8, 0, 32;
	  %jmp/0xz T_1.3, 5;
    %load/vec4 v0x7ff55487c100_0;
    %load/vec4 v0x7ff55487bfa0_0;
    %part/s 1;
    %flag_set/vec4 8;
    %jmp/0xz  T_1.5, 8;
    %pushi/vec4 1, 0, 1;
    %ix/getv/s 4, v0x7ff55487bfa0_0;
    %store/vec4 v0x7ff55487c040_0, 4, 1;
T_1.5 ;
    %load/vec4 v0x7ff55487c5f0_0;
    %load/vec4 v0x7ff55487bfa0_0;
    %part/s 1;
    %flag_set/vec4 9;
    %flag_get/vec4 9;
    %jmp/0 T_1.9, 9;
    %alloc S_0x7ff55487ca40;
    %load/vec4 v0x7ff55487bfa0_0;
    %pad/s 3;
    %pushi/vec4 1, 0, 1;
    %pushi/vec4 0, 0, 1;
    %load/vec4 v0x7ff55487c3f0_0;
    %load/vec4 v0x7ff55487c310_0;
    %load/vec4 v0x7ff55487c270_0;
    %load/vec4 v0x7ff55487c4a0_0;
    %store/vec4 v0x7ff55487ce70_0, 0, 1;
    %store/vec4 v0x7ff55487ccb0_0, 0, 1;
    %store/vec4 v0x7ff55487cd50_0, 0, 1;
    %store/vec4 v0x7ff55487cde0_0, 0, 3;
    %store/vec4 v0x7ff55487cc00_0, 0, 1;
    %store/vec4 v0x7ff55487d0a0_0, 0, 1;
    %store/vec4 v0x7ff55487cf50_0, 0, 3;
    %callf/vec4 TD_Lift8.u_ctrl.hall_call_allowed, S_0x7ff55487ca40;
    %free S_0x7ff55487ca40;
    %and;
T_1.9;
    %flag_set/vec4 8;
    %jmp/0xz  T_1.7, 8;
    %pushi/vec4 1, 0, 1;
    %ix/getv/s 4, v0x7ff55487bfa0_0;
    %store/vec4 v0x7ff55487c040_0, 4, 1;
T_1.7 ;
    %load/vec4 v0x7ff55487c540_0;
    %load/vec4 v0x7ff55487bfa0_0;
    %part/s 1;
    %flag_set/vec4 9;
    %flag_get/vec4 9;
    %jmp/0 T_1.12, 9;
    %alloc S_0x7ff55487ca40;
    %load/vec4 v0x7ff55487bfa0_0;
    %pad/s 3;
    %pushi/vec4 0, 0, 1;
    %pushi/vec4 0, 0, 1;
    %load/vec4 v0x7ff55487c3f0_0;
    %load/vec4 v0x7ff55487c310_0;
    %load/vec4 v0x7ff55487c270_0;
    %load/vec4 v0x7ff55487c4a0_0;
    %store/vec4 v0x7ff55487ce70_0, 0, 1;
    %store/vec4 v0x7ff55487ccb0_0, 0, 1;
    %store/vec4 v0x7ff55487cd50_0, 0, 1;
    %store/vec4 v0x7ff55487cde0_0, 0, 3;
    %store/vec4 v0x7ff55487cc00_0, 0, 1;
    %store/vec4 v0x7ff55487d0a0_0, 0, 1;
    %store/vec4 v0x7ff55487cf50_0, 0, 3;
    %callf/vec4 TD_Lift8.u_ctrl.hall_call_allowed, S_0x7ff55487ca40;
    %free S_0x7ff55487ca40;
    %and;
T_1.12;
    %flag_set/vec4 8;
    %jmp/0xz  T_1.10, 8;
    %pushi/vec4 1, 0, 1;
    %ix/getv/s 4, v0x7ff55487bfa0_0;
    %store/vec4 v0x7ff55487c040_0, 4, 1;
T_1.10 ;
T_1.4 ; for-loop step statement
    ; show_stmt_assign_vector: Get l-value for compressed += operand
    %load/vec4 v0x7ff55487bfa0_0;
    %pushi/vec4 1, 0, 32;
    %add;
    %cast2;
    %store/vec4 v0x7ff55487bfa0_0, 0, 32;
    %jmp T_1.2;
T_1.3 ; for-loop exit label
    %end;
    .scope S_0x7ff55487bc20;
t_0 %join;
    %load/vec4 v0x7ff55487c9a0_0;
    %flag_set/vec4 8;
    %jmp/0xz  T_1.13, 8;
    %alloc S_0x7ff55487b930;
    %load/vec4 v0x7ff55487c850_0;
    %store/vec4 v0x7ff55487bb90_0, 0, 3;
    %callf/vec4 TD_Lift8.u_ctrl.clamp_floor, S_0x7ff55487b930;
    %free S_0x7ff55487b930;
    %store/vec4 v0x7ff55487c700_0, 0, 3;
    %load/vec4 v0x7ff55487c7b0_0;
    %flag_set/vec4 8;
    %jmp/1 T_1.17, 8;
    %alloc S_0x7ff55487ca40;
    %load/vec4 v0x7ff55487c700_0;
    %load/vec4 v0x7ff55487c900_0;
    %pushi/vec4 0, 0, 1;
    %load/vec4 v0x7ff55487c3f0_0;
    %load/vec4 v0x7ff55487c310_0;
    %load/vec4 v0x7ff55487c270_0;
    %load/vec4 v0x7ff55487c4a0_0;
    %store/vec4 v0x7ff55487ce70_0, 0, 1;
    %store/vec4 v0x7ff55487ccb0_0, 0, 1;
    %store/vec4 v0x7ff55487cd50_0, 0, 1;
    %store/vec4 v0x7ff55487cde0_0, 0, 3;
    %store/vec4 v0x7ff55487cc00_0, 0, 1;
    %store/vec4 v0x7ff55487d0a0_0, 0, 1;
    %store/vec4 v0x7ff55487cf50_0, 0, 3;
    %callf/vec4 TD_Lift8.u_ctrl.hall_call_allowed, S_0x7ff55487ca40;
    %free S_0x7ff55487ca40;
    %flag_set/vec4 9;
    %flag_or 8, 9;
T_1.17;
    %jmp/0xz  T_1.15, 8;
    %pushi/vec4 1, 0, 1;
    %ix/getv 4, v0x7ff55487c700_0;
    %store/vec4 v0x7ff55487c040_0, 4, 1;
T_1.15 ;
T_1.13 ;
    %load/vec4 v0x7ff55487c040_0;
    %ret/vec4 0, 0, 8;  Assign to collect_new_requests (store_vec4_to_lval)
    %disable/flow S_0x7ff55487bc20;
    %end;
S_0x7ff55487bde0 .scope autobegin, "$ivl_for_loop2" "$ivl_for_loop2" 3 187, 3 187 0, S_0x7ff55487bc20;
 .timescale -9 -12;
v0x7ff55487bfa0_0 .var/2s "i", 31 0;
S_0x7ff55487ca40 .scope autofunction.vec4.s1, "hall_call_allowed" "hall_call_allowed" 3 141, 3 141 0, S_0x7ff55485c110;
 .timescale -9 -12;
v0x7ff55487cc00_0 .var "cabin", 0 0;
v0x7ff55487ccb0_0 .var "cur_dir_down", 0 0;
v0x7ff55487cd50_0 .var "cur_dir_up", 0 0;
v0x7ff55487cde0_0 .var "cur_floor", 2 0;
v0x7ff55487ce70_0 .var "cur_idle", 0 0;
v0x7ff55487cf50_0 .var "floor", 2 0;
; Variable hall_call_allowed is vec4 return value of scope S_0x7ff55487ca40
v0x7ff55487d0a0_0 .var "hall_up", 0 0;
TD_Lift8.u_ctrl.hall_call_allowed ;
    %load/vec4 v0x7ff55487cc00_0;
    %flag_set/vec4 8;
    %jmp/0xz  T_2.18, 8;
    %pushi/vec4 1, 0, 1;
    %ret/vec4 0, 0, 1;  Assign to hall_call_allowed (store_vec4_to_lval)
    %disable/flow S_0x7ff55487ca40;
T_2.18 ;
    %load/vec4 v0x7ff55487ce70_0;
    %flag_set/vec4 8;
    %jmp/0xz  T_2.20, 8;
    %pushi/vec4 1, 0, 1;
    %ret/vec4 0, 0, 1;  Assign to hall_call_allowed (store_vec4_to_lval)
    %disable/flow S_0x7ff55487ca40;
T_2.20 ;
    %load/vec4 v0x7ff55487cde0_0;
    %load/vec4 v0x7ff55487cf50_0;
    %cmp/u;
    %jmp/0xz  T_2.22, 5;
    %load/vec4 v0x7ff55487d0a0_0;
    %flag_set/vec4 8;
    %flag_get/vec4 8;
    %jmp/0 T_2.24, 8;
    %load/vec4 v0x7ff55487cd50_0;
    %and;
T_2.24;
    %ret/vec4 0, 0, 1;  Assign to hall_call_allowed (store_vec4_to_lval)
    %disable/flow S_0x7ff55487ca40;
T_2.22 ;
    %load/vec4 v0x7ff55487cf50_0;
    %load/vec4 v0x7ff55487cde0_0;
    %cmp/u;
    %jmp/0xz  T_2.25, 5;
    %load/vec4 v0x7ff55487d0a0_0;
    %nor/r;
    %flag_set/vec4 8;
    %flag_get/vec4 8;
    %jmp/0 T_2.27, 8;
    %load/vec4 v0x7ff55487ccb0_0;
    %and;
T_2.27;
    %ret/vec4 0, 0, 1;  Assign to hall_call_allowed (store_vec4_to_lval)
    %disable/flow S_0x7ff55487ca40;
T_2.25 ;
    %pushi/vec4 1, 0, 1;
    %ret/vec4 0, 0, 1;  Assign to hall_call_allowed (store_vec4_to_lval)
    %disable/flow S_0x7ff55487ca40;
    %end;
S_0x7ff55487d140 .scope autofunction.vec4.s3, "scan_highest_request" "scan_highest_request" 3 102, 3 102 0, S_0x7ff55485c110;
 .timescale -9 -12;
v0x7ff55487d5b0_0 .var "found", 0 0;
v0x7ff55487d660_0 .var "req_bitmap", 7 0;
v0x7ff55487d700_0 .var "result", 2 0;
; Variable scan_highest_request is vec4 return value of scope S_0x7ff55487d140
TD_Lift8.u_ctrl.scan_highest_request ;
    %pushi/vec4 0, 0, 3;
    %store/vec4 v0x7ff55487d700_0, 0, 3;
    %pushi/vec4 0, 0, 1;
    %store/vec4 v0x7ff55487d5b0_0, 0, 1;
    %fork t_3, S_0x7ff55487d340;
    %jmp t_2;
    .scope S_0x7ff55487d340;
t_3 ;
    %pushi/vec4 7, 0, 32;
    %store/vec4 v0x7ff55487d500_0, 0, 32;
T_3.28 ; Top of for-loop
    %load/vec4 v0x7ff55487d500_0;
    %cmpi/s 0, 0, 32;
    %flag_inv 5; GE is !LT
	  %jmp/0xz T_3.29, 5;
    %load/vec4 v0x7ff55487d5b0_0;
    %nor/r;
    %flag_set/vec4 9;
    %flag_get/vec4 9;
    %jmp/0 T_3.33, 9;
    %load/vec4 v0x7ff55487d660_0;
    %load/vec4 v0x7ff55487d500_0;
    %part/s 1;
    %and;
T_3.33;
    %flag_set/vec4 8;
    %jmp/0xz  T_3.31, 8;
    %load/vec4 v0x7ff55487d500_0;
    %pad/s 3;
    %store/vec4 v0x7ff55487d700_0, 0, 3;
    %pushi/vec4 1, 0, 1;
    %store/vec4 v0x7ff55487d5b0_0, 0, 1;
T_3.31 ;
T_3.30 ; for-loop step statement
    ; show_stmt_assign_vector: Get l-value for compressed -= operand
    %load/vec4 v0x7ff55487d500_0;
    %pushi/vec4 1, 0, 32;
    %sub;
    %cast2;
    %store/vec4 v0x7ff55487d500_0, 0, 32;
    %jmp T_3.28;
T_3.29 ; for-loop exit label
    %end;
    .scope S_0x7ff55487d140;
t_2 %join;
    %load/vec4 v0x7ff55487d700_0;
    %ret/vec4 0, 0, 3;  Assign to scan_highest_request (store_vec4_to_lval)
    %disable/flow S_0x7ff55487d140;
    %end;
S_0x7ff55487d340 .scope autobegin, "$ivl_for_loop0" "$ivl_for_loop0" 3 109, 3 109 0, S_0x7ff55487d140;
 .timescale -9 -12;
v0x7ff55487d500_0 .var/2s "i", 31 0;
S_0x7ff55487d860 .scope autofunction.vec4.s3, "scan_lowest_request" "scan_lowest_request" 3 118, 3 118 0, S_0x7ff55485c110;
 .timescale -9 -12;
v0x7ff55487dcb0_0 .var "found", 0 0;
v0x7ff55487dd60_0 .var "req_bitmap", 7 0;
v0x7ff55487de10_0 .var "result", 2 0;
; Variable scan_lowest_request is vec4 return value of scope S_0x7ff55487d860
TD_Lift8.u_ctrl.scan_lowest_request ;
    %pushi/vec4 7, 0, 3;
    %store/vec4 v0x7ff55487de10_0, 0, 3;
    %pushi/vec4 0, 0, 1;
    %store/vec4 v0x7ff55487dcb0_0, 0, 1;
    %fork t_5, S_0x7ff55487da20;
    %jmp t_4;
    .scope S_0x7ff55487da20;
t_5 ;
    %pushi/vec4 0, 0, 32;
    %store/vec4 v0x7ff55487dbf0_0, 0, 32;
T_4.34 ; Top of for-loop
    %load/vec4 v0x7ff55487dbf0_0;
    %cmpi/s 8, 0, 32;
	  %jmp/0xz T_4.35, 5;
    %load/vec4 v0x7ff55487dcb0_0;
    %nor/r;
    %flag_set/vec4 9;
    %flag_get/vec4 9;
    %jmp/0 T_4.39, 9;
    %load/vec4 v0x7ff55487dd60_0;
    %load/vec4 v0x7ff55487dbf0_0;
    %part/s 1;
    %and;
T_4.39;
    %flag_set/vec4 8;
    %jmp/0xz  T_4.37, 8;
    %load/vec4 v0x7ff55487dbf0_0;
    %pad/s 3;
    %store/vec4 v0x7ff55487de10_0, 0, 3;
    %pushi/vec4 1, 0, 1;
    %store/vec4 v0x7ff55487dcb0_0, 0, 1;
T_4.37 ;
T_4.36 ; for-loop step statement
    ; show_stmt_assign_vector: Get l-value for compressed += operand
    %load/vec4 v0x7ff55487dbf0_0;
    %pushi/vec4 1, 0, 32;
    %add;
    %cast2;
    %store/vec4 v0x7ff55487dbf0_0, 0, 32;
    %jmp T_4.34;
T_4.35 ; for-loop exit label
    %end;
    .scope S_0x7ff55487d860;
t_4 %join;
    %load/vec4 v0x7ff55487de10_0;
    %ret/vec4 0, 0, 3;  Assign to scan_lowest_request (store_vec4_to_lval)
    %disable/flow S_0x7ff55487d860;
    %end;
S_0x7ff55487da20 .scope autobegin, "$ivl_for_loop1" "$ivl_for_loop1" 3 125, 3 125 0, S_0x7ff55487d860;
 .timescale -9 -12;
v0x7ff55487dbf0_0 .var/2s "i", 31 0;
S_0x7ff55485c810 .scope module, "elevator_controller_tb" "elevator_controller_tb" 4 3;
 .timescale -9 -12;
v0x7ff5548884e0_0 .var "bottom_limit", 0 0;
v0x7ff554888590_0 .var "cabin_buttons", 7 0;
v0x7ff554888640_0 .var "clk", 0 0;
v0x7ff554888710_0 .net "current_floor", 2 0, L_0x7ff55488ae50;  1 drivers
v0x7ff5548887c0_0 .var "door_obstructed", 0 0;
v0x7ff554888890_0 .net "door_open", 0 0, L_0x7ff55488af00;  1 drivers
v0x7ff554888940_0 .var "emergency_stop", 0 0;
v0x7ff5548889f0_0 .net "estop_latched", 0 0, L_0x7ff55488b4b0;  1 drivers
v0x7ff554888aa0_0 .net "fsm_state", 2 0, L_0x7ff55488b5b0;  1 drivers
v0x7ff554888bd0_0 .var "hall_down_buttons", 7 0;
v0x7ff554888c60_0 .var "hall_up_buttons", 7 0;
v0x7ff554888cf0_0 .net "idle", 0 0, L_0x7ff55488afe0;  1 drivers
v0x7ff554888da0_0 .net "max_request", 2 0, L_0x7ff55488acf0;  1 drivers
v0x7ff554888e50_0 .net "min_request", 2 0, L_0x7ff55488ada0;  1 drivers
v0x7ff554888f00_0 .net "moving_down", 0 0, L_0x7ff55488b1b0;  1 drivers
v0x7ff554888fb0_0 .net "moving_up", 0 0, L_0x7ff55488b090;  1 drivers
v0x7ff554889060_0 .net "pending_requests", 7 0, L_0x7ff55488ac40;  1 drivers
v0x7ff554889210_0 .var "req_cabin", 0 0;
v0x7ff5548892a0_0 .var "req_floor", 2 0;
v0x7ff554889330_0 .var "req_hall_up", 0 0;
v0x7ff5548893c0_0 .var "req_valid", 0 0;
v0x7ff554889450_0 .var "reset", 0 0;
v0x7ff554889500_0 .net "service_dir_down", 0 0, L_0x7ff55488b400;  1 drivers
v0x7ff5548895b0_0 .net "service_dir_up", 0 0, L_0x7ff55488b310;  1 drivers
v0x7ff554889660_0 .var "top_limit", 0 0;
E_0x7ff554882290 .event anyedge, v0x7ff554885c90_0;
E_0x7ff5548822d0 .event negedge, v0x7ff554885bf0_0;
S_0x7ff554882310 .scope module, "dut" "elevator_controller" 4 35, 3 8 0, S_0x7ff55485c810;
 .timescale -9 -12;
    .port_info 0 /INPUT 1 "clk";
    .port_info 1 /INPUT 1 "reset";
    .port_info 2 /INPUT 1 "req_valid";
    .port_info 3 /INPUT 3 "req_floor";
    .port_info 4 /INPUT 1 "req_cabin";
    .port_info 5 /INPUT 1 "req_hall_up";
    .port_info 6 /INPUT 8 "cabin_buttons";
    .port_info 7 /INPUT 8 "hall_up_buttons";
    .port_info 8 /INPUT 8 "hall_down_buttons";
    .port_info 9 /INPUT 1 "emergency_stop";
    .port_info 10 /INPUT 1 "top_limit";
    .port_info 11 /INPUT 1 "bottom_limit";
    .port_info 12 /INPUT 1 "door_obstructed";
    .port_info 13 /OUTPUT 1 "door_open";
    .port_info 14 /OUTPUT 1 "idle";
    .port_info 15 /OUTPUT 1 "moving_up";
    .port_info 16 /OUTPUT 1 "moving_down";
    .port_info 17 /OUTPUT 1 "service_dir_up";
    .port_info 18 /OUTPUT 1 "service_dir_down";
    .port_info 19 /OUTPUT 3 "current_floor";
    .port_info 20 /OUTPUT 8 "pending_requests";
    .port_info 21 /OUTPUT 3 "max_request";
    .port_info 22 /OUTPUT 3 "min_request";
    .port_info 23 /OUTPUT 1 "estop_latched";
    .port_info 24 /OUTPUT 3 "fsm_state";
P_0x7ff5548824e0 .param/l "DOOR_OPEN_CYCLES" 0 3 10, C4<00000000000000000000000000000100>;
P_0x7ff554882520 .param/l "DOOR_TIMER_W" 0 3 12, C4<00000000000000000000000000000011>;
P_0x7ff554882560 .param/l "FLOOR_W" 0 3 11, C4<00000000000000000000000000000011>;
P_0x7ff5548825a0 .param/l "MIN_INIT" 1 3 52, C4<111>;
P_0x7ff5548825e0 .param/l "NUM_FLOORS" 0 3 9, C4<00000000000000000000000000001000>;
P_0x7ff554882620 .param/l "TOP_FLOOR" 1 3 51, C4<00000000000000000000000000000111>;
enum0x7ff55482c200 .enum4 (3)
   "ST_RESET" 3'b000,
   "ST_DOOR_CLOSED_IDLE" 3'b001,
   "ST_DOOR_OPEN_IDLE" 3'b010,
   "ST_MOVING_UP" 3'b011,
   "ST_MOVING_DOWN" 3'b100,
   "ST_UP_DIR_SETTER" 3'b101,
   "ST_DOWN_DIR_SETTER" 3'b110
 ;
L_0x7ff55488ac40 .functor BUFZ 8, v0x7ff554887b60_0, C4<00000000>, C4<00000000>, C4<00000000>;
L_0x7ff55488acf0 .functor BUFZ 3, v0x7ff5548872c0_0, C4<000>, C4<000>, C4<000>;
L_0x7ff55488ada0 .functor BUFZ 3, v0x7ff5548874d0_0, C4<000>, C4<000>, C4<000>;
L_0x7ff55488ae50 .functor BUFZ 3, v0x7ff554886c70_0, C4<000>, C4<000>, C4<000>;
L_0x7ff55488af00 .functor BUFZ 1, v0x7ff554886200_0, C4<0>, C4<0>, C4<0>;
L_0x7ff55488afe0 .functor BUFZ 1, v0x7ff554887170_0, C4<0>, C4<0>, C4<0>;
L_0x7ff55488b310 .functor BUFZ 1, v0x7ff554885f80_0, C4<0>, C4<0>, C4<0>;
L_0x7ff55488b400 .functor BUFZ 1, v0x7ff554885e40_0, C4<0>, C4<0>, C4<0>;
L_0x7ff55488b4b0 .functor BUFZ 1, v0x7ff554886600_0, C4<0>, C4<0>, C4<0>;
L_0x7ff55488b5b0 .functor BUFZ 3, v0x7ff554887ea0_0, C4<000>, C4<000>, C4<000>;
L_0x7ff554a733f8 .functor BUFT 1, C4<011>, C4<0>, C4<0>, C4<0>;
v0x7ff554885700_0 .net/2u *"_ivl_12", 2 0, L_0x7ff554a733f8;  1 drivers
L_0x7ff554a73440 .functor BUFT 1, C4<100>, C4<0>, C4<0>, C4<0>;
v0x7ff5548857c0_0 .net/2u *"_ivl_16", 2 0, L_0x7ff554a73440;  1 drivers
v0x7ff554885870_0 .var "any_request", 0 0;
v0x7ff554885920_0 .net "bottom_limit", 0 0, v0x7ff5548884e0_0;  1 drivers
v0x7ff5548859c0_0 .net "cabin_buttons", 7 0, v0x7ff554888590_0;  1 drivers
v0x7ff554885ab0_0 .var "can_move_down", 0 0;
v0x7ff554885b50_0 .var "can_move_up", 0 0;
v0x7ff554885bf0_0 .net "clk", 0 0, v0x7ff554888640_0;  1 drivers
v0x7ff554885c90_0 .net "current_floor", 2 0, L_0x7ff55488ae50;  alias, 1 drivers
v0x7ff554885da0_0 .var "dir_down_d", 0 0;
v0x7ff554885e40_0 .var "dir_down_q", 0 0;
v0x7ff554885ee0_0 .var "dir_up_d", 0 0;
v0x7ff554885f80_0 .var "dir_up_q", 0 0;
v0x7ff554886020_0 .net "door_obstructed", 0 0, v0x7ff5548887c0_0;  1 drivers
v0x7ff5548860c0_0 .net "door_open", 0 0, L_0x7ff55488af00;  alias, 1 drivers
v0x7ff554886160_0 .var "door_open_d", 0 0;
v0x7ff554886200_0 .var "door_open_q", 0 0;
v0x7ff554886390_0 .var "door_timer_d", 2 0;
v0x7ff554886420_0 .var "door_timer_q", 2 0;
v0x7ff5548864c0_0 .net "emergency_stop", 0 0, v0x7ff554888940_0;  1 drivers
v0x7ff554886560_0 .var "estop_active_d", 0 0;
v0x7ff554886600_0 .var "estop_active_q", 0 0;
v0x7ff5548866a0_0 .net "estop_latched", 0 0, L_0x7ff55488b4b0;  alias, 1 drivers
v0x7ff554886740_0 .var "estop_saved_dir_down_d", 0 0;
v0x7ff5548867e0_0 .var "estop_saved_dir_down_q", 0 0;
v0x7ff554886880_0 .var "estop_saved_dir_up_d", 0 0;
v0x7ff554886920_0 .var "estop_saved_dir_up_q", 0 0;
v0x7ff5548869c0_0 .var "estop_saved_state_d", 2 0;
v0x7ff554886a70_0 .var "estop_saved_state_q", 2 0;
v0x7ff554886b20_0 .var "floor_d", 2 0;
v0x7ff554886bd0_0 .var "floor_has_request", 0 0;
v0x7ff554886c70_0 .var "floor_q", 2 0;
v0x7ff554886d20_0 .net "fsm_state", 2 0, L_0x7ff55488b5b0;  alias, 1 drivers
v0x7ff5548862b0_0 .net "hall_down_buttons", 7 0, v0x7ff554888bd0_0;  1 drivers
v0x7ff554886fb0_0 .net "hall_up_buttons", 7 0, v0x7ff554888c60_0;  1 drivers
v0x7ff554887040_0 .net "idle", 0 0, L_0x7ff55488afe0;  alias, 1 drivers
v0x7ff5548870d0_0 .var "idle_d", 0 0;
v0x7ff554887170_0 .var "idle_q", 0 0;
v0x7ff554887210_0 .var "max_req_d", 2 0;
v0x7ff5548872c0_0 .var "max_req_q", 2 0;
v0x7ff554887370_0 .net "max_request", 2 0, L_0x7ff55488acf0;  alias, 1 drivers
v0x7ff554887420_0 .var "min_req_d", 2 0;
v0x7ff5548874d0_0 .var "min_req_q", 2 0;
v0x7ff554887580_0 .net "min_request", 2 0, L_0x7ff55488ada0;  alias, 1 drivers
v0x7ff554887630_0 .net "moving_down", 0 0, L_0x7ff55488b1b0;  alias, 1 drivers
v0x7ff5548876d0_0 .net "moving_up", 0 0, L_0x7ff55488b090;  alias, 1 drivers
v0x7ff554887770_0 .net "pending_requests", 7 0, L_0x7ff55488ac40;  alias, 1 drivers
v0x7ff554887820_0 .net "req_cabin", 0 0, v0x7ff554889210_0;  1 drivers
v0x7ff5548878c0_0 .net "req_floor", 2 0, v0x7ff5548892a0_0;  1 drivers
v0x7ff554887970_0 .net "req_hall_up", 0 0, v0x7ff554889330_0;  1 drivers
v0x7ff554887a10_0 .net "req_valid", 0 0, v0x7ff5548893c0_0;  1 drivers
v0x7ff554887ab0_0 .var "requests_d", 7 0;
v0x7ff554887b60_0 .var "requests_q", 7 0;
v0x7ff554887c10_0 .net "reset", 0 0, v0x7ff554889450_0;  1 drivers
v0x7ff554887cb0_0 .net "service_dir_down", 0 0, L_0x7ff55488b400;  alias, 1 drivers
v0x7ff554887d50_0 .net "service_dir_up", 0 0, L_0x7ff55488b310;  alias, 1 drivers
v0x7ff554887df0_0 .var "state_d", 2 0;
v0x7ff554887ea0_0 .var "state_q", 2 0;
v0x7ff554887f50_0 .net "top_limit", 0 0, v0x7ff554889660_0;  1 drivers
E_0x7ff554882cb0 .event posedge, v0x7ff554887c10_0, v0x7ff554885bf0_0;
E_0x7ff554882d00/0 .event anyedge, v0x7ff554887ea0_0, v0x7ff554887b60_0, v0x7ff5548872c0_0, v0x7ff5548874d0_0;
E_0x7ff554882d00/1 .event anyedge, v0x7ff554886c70_0, v0x7ff554885f80_0, v0x7ff554885e40_0, v0x7ff554886200_0;
E_0x7ff554882d00/2 .event anyedge, v0x7ff554887170_0, v0x7ff554886420_0, v0x7ff554886600_0, v0x7ff554886920_0;
E_0x7ff554882d00/3 .event anyedge, v0x7ff5548867e0_0, v0x7ff554886a70_0, v0x7ff554887f50_0, v0x7ff554885920_0;
E_0x7ff554882d00/4 .event anyedge, v0x7ff5548859c0_0, v0x7ff554886fb0_0, v0x7ff5548862b0_0, v0x7ff554887a10_0;
E_0x7ff554882d00/5 .event anyedge, v0x7ff5548878c0_0, v0x7ff554887820_0, v0x7ff554887970_0, v0x7ff554887c10_0;
E_0x7ff554882d00/6 .event anyedge, v0x7ff5548864c0_0, v0x7ff554886020_0;
E_0x7ff554882d00 .event/or E_0x7ff554882d00/0, E_0x7ff554882d00/1, E_0x7ff554882d00/2, E_0x7ff554882d00/3, E_0x7ff554882d00/4, E_0x7ff554882d00/5, E_0x7ff554882d00/6;
L_0x7ff55488b090 .cmp/eq 3, v0x7ff554887ea0_0, L_0x7ff554a733f8;
L_0x7ff55488b1b0 .cmp/eq 3, v0x7ff554887ea0_0, L_0x7ff554a73440;
S_0x7ff554882e20 .scope begin, "$unm_blk_16" "$unm_blk_16" 3 214, 3 214 0, S_0x7ff554882310;
 .timescale -9 -12;
v0x7ff554882ff0_0 .var "new_req_bits", 7 0;
S_0x7ff5548830b0 .scope autofunction.vec4.s3, "clamp_floor" "clamp_floor" 3 134, 3 134 0, S_0x7ff554882310;
 .timescale -9 -12;
; Variable clamp_floor is vec4 return value of scope S_0x7ff5548830b0
v0x7ff554883310_0 .var "floor", 2 0;
TD_elevator_controller_tb.dut.clamp_floor ;
    %load/vec4 v0x7ff554883310_0;
    %cmpi/u 7, 0, 3;
    %flag_or 5, 4; GT is !LE
    %flag_inv 5;
    %jmp/0xz  T_5.40, 5;
    %pushi/vec4 7, 0, 3;
    %ret/vec4 0, 0, 3;  Assign to clamp_floor (store_vec4_to_lval)
    %disable/flow S_0x7ff5548830b0;
T_5.40 ;
    %load/vec4 v0x7ff554883310_0;
    %ret/vec4 0, 0, 3;  Assign to clamp_floor (store_vec4_to_lval)
    %disable/flow S_0x7ff5548830b0;
    %end;
S_0x7ff5548833a0 .scope autofunction.vec4.s8, "collect_new_requests" "collect_new_requests" 3 169, 3 169 0, S_0x7ff554882310;
 .timescale -9 -12;
v0x7ff5548837c0_0 .var "additions", 7 0;
v0x7ff554883880_0 .var "cabin_req", 7 0;
; Variable collect_new_requests is vec4 return value of scope S_0x7ff5548833a0
v0x7ff5548839f0_0 .var "cur_dir_down", 0 0;
v0x7ff554883a90_0 .var "cur_dir_up", 0 0;
v0x7ff554883b70_0 .var "cur_floor", 2 0;
v0x7ff554883c20_0 .var "cur_idle", 0 0;
v0x7ff554883cc0_0 .var "hall_down_req", 7 0;
v0x7ff554883d70_0 .var "hall_up_req", 7 0;
v0x7ff554883e80_0 .var "idx", 2 0;
v0x7ff554883f30_0 .var "pulse_cabin", 0 0;
v0x7ff554883fd0_0 .var "pulse_floor", 2 0;
v0x7ff554884080_0 .var "pulse_hall_up", 0 0;
v0x7ff554884120_0 .var "req_pulse", 0 0;
TD_elevator_controller_tb.dut.collect_new_requests ;
    %pushi/vec4 0, 0, 8;
    %store/vec4 v0x7ff5548837c0_0, 0, 8;
    %fork t_7, S_0x7ff554883560;
    %jmp t_6;
    .scope S_0x7ff554883560;
t_7 ;
    %pushi/vec4 0, 0, 32;
    %store/vec4 v0x7ff554883720_0, 0, 32;
T_6.42 ; Top of for-loop
    %load/vec4 v0x7ff554883720_0;
    %cmpi/s 8, 0, 32;
	  %jmp/0xz T_6.43, 5;
    %load/vec4 v0x7ff554883880_0;
    %load/vec4 v0x7ff554883720_0;
    %part/s 1;
    %flag_set/vec4 8;
    %jmp/0xz  T_6.45, 8;
    %pushi/vec4 1, 0, 1;
    %ix/getv/s 4, v0x7ff554883720_0;
    %store/vec4 v0x7ff5548837c0_0, 4, 1;
T_6.45 ;
    %load/vec4 v0x7ff554883d70_0;
    %load/vec4 v0x7ff554883720_0;
    %part/s 1;
    %flag_set/vec4 9;
    %flag_get/vec4 9;
    %jmp/0 T_6.49, 9;
    %alloc S_0x7ff5548841c0;
    %load/vec4 v0x7ff554883720_0;
    %pad/s 3;
    %pushi/vec4 1, 0, 1;
    %pushi/vec4 0, 0, 1;
    %load/vec4 v0x7ff554883b70_0;
    %load/vec4 v0x7ff554883a90_0;
    %load/vec4 v0x7ff5548839f0_0;
    %load/vec4 v0x7ff554883c20_0;
    %store/vec4 v0x7ff5548845f0_0, 0, 1;
    %store/vec4 v0x7ff554884430_0, 0, 1;
    %store/vec4 v0x7ff5548844d0_0, 0, 1;
    %store/vec4 v0x7ff554884560_0, 0, 3;
    %store/vec4 v0x7ff554884380_0, 0, 1;
    %store/vec4 v0x7ff554884820_0, 0, 1;
    %store/vec4 v0x7ff5548846d0_0, 0, 3;
    %callf/vec4 TD_elevator_controller_tb.dut.hall_call_allowed, S_0x7ff5548841c0;
    %free S_0x7ff5548841c0;
    %and;
T_6.49;
    %flag_set/vec4 8;
    %jmp/0xz  T_6.47, 8;
    %pushi/vec4 1, 0, 1;
    %ix/getv/s 4, v0x7ff554883720_0;
    %store/vec4 v0x7ff5548837c0_0, 4, 1;
T_6.47 ;
    %load/vec4 v0x7ff554883cc0_0;
    %load/vec4 v0x7ff554883720_0;
    %part/s 1;
    %flag_set/vec4 9;
    %flag_get/vec4 9;
    %jmp/0 T_6.52, 9;
    %alloc S_0x7ff5548841c0;
    %load/vec4 v0x7ff554883720_0;
    %pad/s 3;
    %pushi/vec4 0, 0, 1;
    %pushi/vec4 0, 0, 1;
    %load/vec4 v0x7ff554883b70_0;
    %load/vec4 v0x7ff554883a90_0;
    %load/vec4 v0x7ff5548839f0_0;
    %load/vec4 v0x7ff554883c20_0;
    %store/vec4 v0x7ff5548845f0_0, 0, 1;
    %store/vec4 v0x7ff554884430_0, 0, 1;
    %store/vec4 v0x7ff5548844d0_0, 0, 1;
    %store/vec4 v0x7ff554884560_0, 0, 3;
    %store/vec4 v0x7ff554884380_0, 0, 1;
    %store/vec4 v0x7ff554884820_0, 0, 1;
    %store/vec4 v0x7ff5548846d0_0, 0, 3;
    %callf/vec4 TD_elevator_controller_tb.dut.hall_call_allowed, S_0x7ff5548841c0;
    %free S_0x7ff5548841c0;
    %and;
T_6.52;
    %flag_set/vec4 8;
    %jmp/0xz  T_6.50, 8;
    %pushi/vec4 1, 0, 1;
    %ix/getv/s 4, v0x7ff554883720_0;
    %store/vec4 v0x7ff5548837c0_0, 4, 1;
T_6.50 ;
T_6.44 ; for-loop step statement
    ; show_stmt_assign_vector: Get l-value for compressed += operand
    %load/vec4 v0x7ff554883720_0;
    %pushi/vec4 1, 0, 32;
    %add;
    %cast2;
    %store/vec4 v0x7ff554883720_0, 0, 32;
    %jmp T_6.42;
T_6.43 ; for-loop exit label
    %end;
    .scope S_0x7ff5548833a0;
t_6 %join;
    %load/vec4 v0x7ff554884120_0;
    %flag_set/vec4 8;
    %jmp/0xz  T_6.53, 8;
    %alloc S_0x7ff5548830b0;
    %load/vec4 v0x7ff554883fd0_0;
    %store/vec4 v0x7ff554883310_0, 0, 3;
    %callf/vec4 TD_elevator_controller_tb.dut.clamp_floor, S_0x7ff5548830b0;
    %free S_0x7ff5548830b0;
    %store/vec4 v0x7ff554883e80_0, 0, 3;
    %load/vec4 v0x7ff554883f30_0;
    %flag_set/vec4 8;
    %jmp/1 T_6.57, 8;
    %alloc S_0x7ff5548841c0;
    %load/vec4 v0x7ff554883e80_0;
    %load/vec4 v0x7ff554884080_0;
    %pushi/vec4 0, 0, 1;
    %load/vec4 v0x7ff554883b70_0;
    %load/vec4 v0x7ff554883a90_0;
    %load/vec4 v0x7ff5548839f0_0;
    %load/vec4 v0x7ff554883c20_0;
    %store/vec4 v0x7ff5548845f0_0, 0, 1;
    %store/vec4 v0x7ff554884430_0, 0, 1;
    %store/vec4 v0x7ff5548844d0_0, 0, 1;
    %store/vec4 v0x7ff554884560_0, 0, 3;
    %store/vec4 v0x7ff554884380_0, 0, 1;
    %store/vec4 v0x7ff554884820_0, 0, 1;
    %store/vec4 v0x7ff5548846d0_0, 0, 3;
    %callf/vec4 TD_elevator_controller_tb.dut.hall_call_allowed, S_0x7ff5548841c0;
    %free S_0x7ff5548841c0;
    %flag_set/vec4 9;
    %flag_or 8, 9;
T_6.57;
    %jmp/0xz  T_6.55, 8;
    %pushi/vec4 1, 0, 1;
    %ix/getv 4, v0x7ff554883e80_0;
    %store/vec4 v0x7ff5548837c0_0, 4, 1;
T_6.55 ;
T_6.53 ;
    %load/vec4 v0x7ff5548837c0_0;
    %ret/vec4 0, 0, 8;  Assign to collect_new_requests (store_vec4_to_lval)
    %disable/flow S_0x7ff5548833a0;
    %end;
S_0x7ff554883560 .scope autobegin, "$ivl_for_loop2" "$ivl_for_loop2" 3 187, 3 187 0, S_0x7ff5548833a0;
 .timescale -9 -12;
v0x7ff554883720_0 .var/2s "i", 31 0;
S_0x7ff5548841c0 .scope autofunction.vec4.s1, "hall_call_allowed" "hall_call_allowed" 3 141, 3 141 0, S_0x7ff554882310;
 .timescale -9 -12;
v0x7ff554884380_0 .var "cabin", 0 0;
v0x7ff554884430_0 .var "cur_dir_down", 0 0;
v0x7ff5548844d0_0 .var "cur_dir_up", 0 0;
v0x7ff554884560_0 .var "cur_floor", 2 0;
v0x7ff5548845f0_0 .var "cur_idle", 0 0;
v0x7ff5548846d0_0 .var "floor", 2 0;
; Variable hall_call_allowed is vec4 return value of scope S_0x7ff5548841c0
v0x7ff554884820_0 .var "hall_up", 0 0;
TD_elevator_controller_tb.dut.hall_call_allowed ;
    %load/vec4 v0x7ff554884380_0;
    %flag_set/vec4 8;
    %jmp/0xz  T_7.58, 8;
    %pushi/vec4 1, 0, 1;
    %ret/vec4 0, 0, 1;  Assign to hall_call_allowed (store_vec4_to_lval)
    %disable/flow S_0x7ff5548841c0;
T_7.58 ;
    %load/vec4 v0x7ff5548845f0_0;
    %flag_set/vec4 8;
    %jmp/0xz  T_7.60, 8;
    %pushi/vec4 1, 0, 1;
    %ret/vec4 0, 0, 1;  Assign to hall_call_allowed (store_vec4_to_lval)
    %disable/flow S_0x7ff5548841c0;
T_7.60 ;
    %load/vec4 v0x7ff554884560_0;
    %load/vec4 v0x7ff5548846d0_0;
    %cmp/u;
    %jmp/0xz  T_7.62, 5;
    %load/vec4 v0x7ff554884820_0;
    %flag_set/vec4 8;
    %flag_get/vec4 8;
    %jmp/0 T_7.64, 8;
    %load/vec4 v0x7ff5548844d0_0;
    %and;
T_7.64;
    %ret/vec4 0, 0, 1;  Assign to hall_call_allowed (store_vec4_to_lval)
    %disable/flow S_0x7ff5548841c0;
T_7.62 ;
    %load/vec4 v0x7ff5548846d0_0;
    %load/vec4 v0x7ff554884560_0;
    %cmp/u;
    %jmp/0xz  T_7.65, 5;
    %load/vec4 v0x7ff554884820_0;
    %nor/r;
    %flag_set/vec4 8;
    %flag_get/vec4 8;
    %jmp/0 T_7.67, 8;
    %load/vec4 v0x7ff554884430_0;
    %and;
T_7.67;
    %ret/vec4 0, 0, 1;  Assign to hall_call_allowed (store_vec4_to_lval)
    %disable/flow S_0x7ff5548841c0;
T_7.65 ;
    %pushi/vec4 1, 0, 1;
    %ret/vec4 0, 0, 1;  Assign to hall_call_allowed (store_vec4_to_lval)
    %disable/flow S_0x7ff5548841c0;
    %end;
S_0x7ff5548848c0 .scope autofunction.vec4.s3, "scan_highest_request" "scan_highest_request" 3 102, 3 102 0, S_0x7ff554882310;
 .timescale -9 -12;
v0x7ff554884d30_0 .var "found", 0 0;
v0x7ff554884de0_0 .var "req_bitmap", 7 0;
v0x7ff554884e80_0 .var "result", 2 0;
; Variable scan_highest_request is vec4 return value of scope S_0x7ff5548848c0
TD_elevator_controller_tb.dut.scan_highest_request ;
    %pushi/vec4 0, 0, 3;
    %store/vec4 v0x7ff554884e80_0, 0, 3;
    %pushi/vec4 0, 0, 1;
    %store/vec4 v0x7ff554884d30_0, 0, 1;
    %fork t_9, S_0x7ff554884ac0;
    %jmp t_8;
    .scope S_0x7ff554884ac0;
t_9 ;
    %pushi/vec4 7, 0, 32;
    %store/vec4 v0x7ff554884c80_0, 0, 32;
T_8.68 ; Top of for-loop
    %load/vec4 v0x7ff554884c80_0;
    %cmpi/s 0, 0, 32;
    %flag_inv 5; GE is !LT
	  %jmp/0xz T_8.69, 5;
    %load/vec4 v0x7ff554884d30_0;
    %nor/r;
    %flag_set/vec4 9;
    %flag_get/vec4 9;
    %jmp/0 T_8.73, 9;
    %load/vec4 v0x7ff554884de0_0;
    %load/vec4 v0x7ff554884c80_0;
    %part/s 1;
    %and;
T_8.73;
    %flag_set/vec4 8;
    %jmp/0xz  T_8.71, 8;
    %load/vec4 v0x7ff554884c80_0;
    %pad/s 3;
    %store/vec4 v0x7ff554884e80_0, 0, 3;
    %pushi/vec4 1, 0, 1;
    %store/vec4 v0x7ff554884d30_0, 0, 1;
T_8.71 ;
T_8.70 ; for-loop step statement
    ; show_stmt_assign_vector: Get l-value for compressed -= operand
    %load/vec4 v0x7ff554884c80_0;
    %pushi/vec4 1, 0, 32;
    %sub;
    %cast2;
    %store/vec4 v0x7ff554884c80_0, 0, 32;
    %jmp T_8.68;
T_8.69 ; for-loop exit label
    %end;
    .scope S_0x7ff5548848c0;
t_8 %join;
    %load/vec4 v0x7ff554884e80_0;
    %ret/vec4 0, 0, 3;  Assign to scan_highest_request (store_vec4_to_lval)
    %disable/flow S_0x7ff5548848c0;
    %end;
S_0x7ff554884ac0 .scope autobegin, "$ivl_for_loop0" "$ivl_for_loop0" 3 109, 3 109 0, S_0x7ff5548848c0;
 .timescale -9 -12;
v0x7ff554884c80_0 .var/2s "i", 31 0;
S_0x7ff554884fe0 .scope autofunction.vec4.s3, "scan_lowest_request" "scan_lowest_request" 3 118, 3 118 0, S_0x7ff554882310;
 .timescale -9 -12;
v0x7ff554885430_0 .var "found", 0 0;
v0x7ff5548854e0_0 .var "req_bitmap", 7 0;
v0x7ff554885590_0 .var "result", 2 0;
; Variable scan_lowest_request is vec4 return value of scope S_0x7ff554884fe0
TD_elevator_controller_tb.dut.scan_lowest_request ;
    %pushi/vec4 7, 0, 3;
    %store/vec4 v0x7ff554885590_0, 0, 3;
    %pushi/vec4 0, 0, 1;
    %store/vec4 v0x7ff554885430_0, 0, 1;
    %fork t_11, S_0x7ff5548851a0;
    %jmp t_10;
    .scope S_0x7ff5548851a0;
t_11 ;
    %pushi/vec4 0, 0, 32;
    %store/vec4 v0x7ff554885370_0, 0, 32;
T_9.74 ; Top of for-loop
    %load/vec4 v0x7ff554885370_0;
    %cmpi/s 8, 0, 32;
	  %jmp/0xz T_9.75, 5;
    %load/vec4 v0x7ff554885430_0;
    %nor/r;
    %flag_set/vec4 9;
    %flag_get/vec4 9;
    %jmp/0 T_9.79, 9;
    %load/vec4 v0x7ff5548854e0_0;
    %load/vec4 v0x7ff554885370_0;
    %part/s 1;
    %and;
T_9.79;
    %flag_set/vec4 8;
    %jmp/0xz  T_9.77, 8;
    %load/vec4 v0x7ff554885370_0;
    %pad/s 3;
    %store/vec4 v0x7ff554885590_0, 0, 3;
    %pushi/vec4 1, 0, 1;
    %store/vec4 v0x7ff554885430_0, 0, 1;
T_9.77 ;
T_9.76 ; for-loop step statement
    ; show_stmt_assign_vector: Get l-value for compressed += operand
    %load/vec4 v0x7ff554885370_0;
    %pushi/vec4 1, 0, 32;
    %add;
    %cast2;
    %store/vec4 v0x7ff554885370_0, 0, 32;
    %jmp T_9.74;
T_9.75 ; for-loop exit label
    %end;
    .scope S_0x7ff554884fe0;
t_10 %join;
    %load/vec4 v0x7ff554885590_0;
    %ret/vec4 0, 0, 3;  Assign to scan_lowest_request (store_vec4_to_lval)
    %disable/flow S_0x7ff554884fe0;
    %end;
S_0x7ff5548851a0 .scope autobegin, "$ivl_for_loop1" "$ivl_for_loop1" 3 125, 3 125 0, S_0x7ff554884fe0;
 .timescale -9 -12;
v0x7ff554885370_0 .var/2s "i", 31 0;
S_0x7ff554888250 .scope autotask, "pulse_request" "pulse_request" 4 63, 4 63 0, S_0x7ff55485c810;
 .timescale -9 -12;
v0x7ff5548828c0_0 .var "cabin", 0 0;
v0x7ff5548883c0_0 .var "floor", 2 0;
v0x7ff554888450_0 .var "hall_up", 0 0;
TD_elevator_controller_tb.pulse_request ;
    %wait E_0x7ff5548822d0;
    %pushi/vec4 1, 0, 1;
    %assign/vec4 v0x7ff5548893c0_0, 0;
    %load/vec4 v0x7ff5548883c0_0;
    %assign/vec4 v0x7ff5548892a0_0, 0;
    %load/vec4 v0x7ff5548828c0_0;
    %assign/vec4 v0x7ff554889210_0, 0;
    %load/vec4 v0x7ff554888450_0;
    %assign/vec4 v0x7ff554889330_0, 0;
    %wait E_0x7ff5548822d0;
    %pushi/vec4 0, 0, 1;
    %assign/vec4 v0x7ff5548893c0_0, 0;
    %end;
    .scope S_0x7ff55485c110;
T_11 ;
Ewait_0 .event/or E_0x7ff554873bb0, E_0x0;
    %wait Ewait_0;
    %fork t_13, S_0x7ff55484e8c0;
    %jmp t_12;
    .scope S_0x7ff55484e8c0;
t_13 ;
    %load/vec4 v0x7ff554880720_0;
    %store/vec4 v0x7ff554880670_0, 0, 3;
    %load/vec4 v0x7ff5548803e0_0;
    %store/vec4 v0x7ff554880330_0, 0, 8;
    %load/vec4 v0x7ff55487fb40_0;
    %store/vec4 v0x7ff55487fa90_0, 0, 3;
    %load/vec4 v0x7ff55487fd50_0;
    %store/vec4 v0x7ff55487fca0_0, 0, 3;
    %load/vec4 v0x7ff55487f4f0_0;
    %store/vec4 v0x7ff55487f3a0_0, 0, 3;
    %load/vec4 v0x7ff55487e800_0;
    %store/vec4 v0x7ff55487e760_0, 0, 1;
    %load/vec4 v0x7ff55487e6c0_0;
    %store/vec4 v0x7ff55487e620_0, 0, 1;
    %load/vec4 v0x7ff55487ea80_0;
    %store/vec4 v0x7ff55487e9e0_0, 0, 1;
    %load/vec4 v0x7ff55487f9f0_0;
    %store/vec4 v0x7ff55487f950_0, 0, 1;
    %load/vec4 v0x7ff55487eca0_0;
    %store/vec4 v0x7ff55487ec10_0, 0, 4;
    %load/vec4 v0x7ff55487ee80_0;
    %store/vec4 v0x7ff55487ede0_0, 0, 1;
    %load/vec4 v0x7ff55487f1a0_0;
    %store/vec4 v0x7ff55487f100_0, 0, 1;
    %load/vec4 v0x7ff55487f060_0;
    %store/vec4 v0x7ff55487efc0_0, 0, 1;
    %load/vec4 v0x7ff55487f2f0_0;
    %store/vec4 v0x7ff55487f240_0, 0, 3;
    %load/vec4 v0x7ff5548803e0_0;
    %load/vec4 v0x7ff55487f4f0_0;
    %part/u 1;
    %store/vec4 v0x7ff55487f450_0, 0, 1;
    %load/vec4 v0x7ff5548803e0_0;
    %or/r;
    %store/vec4 v0x7ff55487e0f0_0, 0, 1;
    %load/vec4 v0x7ff55487f4f0_0;
    %cmpi/u 7, 0, 3;
    %flag_get/vec4 5;
    %jmp/0 T_11.0, 5;
    %load/vec4 v0x7ff5548807d0_0;
    %nor/r;
    %and;
T_11.0;
    %store/vec4 v0x7ff55487e3d0_0, 0, 1;
    %load/vec4 v0x7ff55487f4f0_0;
    %cmpi/u 0, 0, 3;
    %flag_or 5, 4; GT is !LE
    %flag_inv 5;
    %flag_get/vec4 5;
    %jmp/0 T_11.1, 5;
    %load/vec4 v0x7ff55487e1a0_0;
    %nor/r;
    %and;
T_11.1;
    %store/vec4 v0x7ff55487e330_0, 0, 1;
    %alloc S_0x7ff55487bc20;
    %load/vec4 v0x7ff55487e240_0;
    %load/vec4 v0x7ff55487f830_0;
    %load/vec4 v0x7ff55487eb30_0;
    %load/vec4 v0x7ff554880290_0;
    %load/vec4 v0x7ff554880140_0;
    %load/vec4 v0x7ff5548800a0_0;
    %load/vec4 v0x7ff5548801f0_0;
    %load/vec4 v0x7ff55487f4f0_0;
    %load/vec4 v0x7ff55487e800_0;
    %load/vec4 v0x7ff55487e6c0_0;
    %load/vec4 v0x7ff55487f9f0_0;
    %store/vec4 v0x7ff55487c4a0_0, 0, 1;
    %store/vec4 v0x7ff55487c270_0, 0, 1;
    %store/vec4 v0x7ff55487c310_0, 0, 1;
    %store/vec4 v0x7ff55487c3f0_0, 0, 3;
    %store/vec4 v0x7ff55487c900_0, 0, 1;
    %store/vec4 v0x7ff55487c7b0_0, 0, 1;
    %store/vec4 v0x7ff55487c850_0, 0, 3;
    %store/vec4 v0x7ff55487c9a0_0, 0, 1;
    %store/vec4 v0x7ff55487c540_0, 0, 8;
    %store/vec4 v0x7ff55487c5f0_0, 0, 8;
    %store/vec4 v0x7ff55487c100_0, 0, 8;
    %callf/vec4 TD_Lift8.u_ctrl.collect_new_requests, S_0x7ff55487bc20;
    %free S_0x7ff55487bc20;
    %store/vec4 v0x7ff554874a40_0, 0, 8;
    %load/vec4 v0x7ff554874a40_0;
    %or/r;
    %flag_set/vec4 8;
    %jmp/0xz  T_11.2, 8;
    %load/vec4 v0x7ff5548803e0_0;
    %load/vec4 v0x7ff554874a40_0;
    %or;
    %store/vec4 v0x7ff554880330_0, 0, 8;
    %load/vec4 v0x7ff554880330_0;
    %or/r;
    %flag_set/vec4 8;
    %jmp/0xz  T_11.4, 8;
    %alloc S_0x7ff55487d140;
    %load/vec4 v0x7ff554880330_0;
    %store/vec4 v0x7ff55487d660_0, 0, 8;
    %callf/vec4 TD_Lift8.u_ctrl.scan_highest_request, S_0x7ff55487d140;
    %free S_0x7ff55487d140;
    %store/vec4 v0x7ff55487fa90_0, 0, 3;
    %alloc S_0x7ff55487d860;
    %load/vec4 v0x7ff554880330_0;
    %store/vec4 v0x7ff55487dd60_0, 0, 8;
    %callf/vec4 TD_Lift8.u_ctrl.scan_lowest_request, S_0x7ff55487d860;
    %free S_0x7ff55487d860;
    %store/vec4 v0x7ff55487fca0_0, 0, 3;
    %jmp T_11.5;
T_11.4 ;
    %pushi/vec4 0, 0, 3;
    %store/vec4 v0x7ff55487fa90_0, 0, 3;
    %pushi/vec4 7, 0, 3;
    %store/vec4 v0x7ff55487fca0_0, 0, 3;
T_11.5 ;
T_11.2 ;
    %load/vec4 v0x7ff554880490_0;
    %flag_set/vec4 8;
    %jmp/0xz  T_11.6, 8;
    %pushi/vec4 0, 0, 3;
    %store/vec4 v0x7ff554880670_0, 0, 3;
    %pushi/vec4 0, 0, 8;
    %store/vec4 v0x7ff554880330_0, 0, 8;
    %pushi/vec4 0, 0, 3;
    %store/vec4 v0x7ff55487fa90_0, 0, 3;
    %pushi/vec4 7, 0, 3;
    %store/vec4 v0x7ff55487fca0_0, 0, 3;
    %pushi/vec4 0, 0, 3;
    %store/vec4 v0x7ff55487f3a0_0, 0, 3;
    %pushi/vec4 1, 0, 1;
    %store/vec4 v0x7ff55487e760_0, 0, 1;
    %pushi/vec4 0, 0, 1;
    %store/vec4 v0x7ff55487e620_0, 0, 1;
    %pushi/vec4 0, 0, 1;
    %store/vec4 v0x7ff55487e9e0_0, 0, 1;
    %pushi/vec4 1, 0, 1;
    %store/vec4 v0x7ff55487f950_0, 0, 1;
    %pushi/vec4 0, 0, 4;
    %store/vec4 v0x7ff55487ec10_0, 0, 4;
    %pushi/vec4 0, 0, 1;
    %store/vec4 v0x7ff55487ede0_0, 0, 1;
    %jmp T_11.7;
T_11.6 ;
    %load/vec4 v0x7ff55487ed40_0;
    %flag_set/vec4 8;
    %jmp/0xz  T_11.8, 8;
    %load/vec4 v0x7ff55487ee80_0;
    %nor/r;
    %flag_set/vec4 8;
    %jmp/0xz  T_11.10, 8;
    %load/vec4 v0x7ff55487e800_0;
    %store/vec4 v0x7ff55487f100_0, 0, 1;
    %load/vec4 v0x7ff55487e6c0_0;
    %store/vec4 v0x7ff55487efc0_0, 0, 1;
    %load/vec4 v0x7ff554880720_0;
    %store/vec4 v0x7ff55487f240_0, 0, 3;
T_11.10 ;
    %pushi/vec4 1, 0, 1;
    %store/vec4 v0x7ff55487ede0_0, 0, 1;
    %pushi/vec4 1, 0, 3;
    %store/vec4 v0x7ff554880670_0, 0, 3;
    %pushi/vec4 0, 0, 1;
    %store/vec4 v0x7ff55487e9e0_0, 0, 1;
    %pushi/vec4 1, 0, 1;
    %store/vec4 v0x7ff55487f950_0, 0, 1;
    %pushi/vec4 0, 0, 4;
    %store/vec4 v0x7ff55487ec10_0, 0, 4;
    %jmp T_11.9;
T_11.8 ;
    %load/vec4 v0x7ff55487ee80_0;
    %flag_set/vec4 8;
    %jmp/0xz  T_11.12, 8;
    %pushi/vec4 0, 0, 1;
    %store/vec4 v0x7ff55487ede0_0, 0, 1;
    %load/vec4 v0x7ff55487f1a0_0;
    %store/vec4 v0x7ff55487e760_0, 0, 1;
    %load/vec4 v0x7ff55487f060_0;
    %store/vec4 v0x7ff55487e620_0, 0, 1;
    %load/vec4 v0x7ff55487f2f0_0;
    %store/vec4 v0x7ff554880670_0, 0, 3;
    %load/vec4 v0x7ff55487f2f0_0;
    %cmpi/ne 3, 0, 3;
    %flag_get/vec4 4;
    %jmp/0 T_11.14, 4;
    %load/vec4 v0x7ff55487f2f0_0;
    %pushi/vec4 4, 0, 3;
    %cmp/ne;
    %flag_get/vec4 4;
    %and;
T_11.14;
    %store/vec4 v0x7ff55487f950_0, 0, 1;
    %jmp T_11.13;
T_11.12 ;
    %load/vec4 v0x7ff554880720_0;
    %dup/vec4;
    %pushi/vec4 0, 0, 3;
    %cmp/u;
    %jmp/1 T_11.15, 6;
    %dup/vec4;
    %pushi/vec4 1, 0, 3;
    %cmp/u;
    %jmp/1 T_11.16, 6;
    %dup/vec4;
    %pushi/vec4 2, 0, 3;
    %cmp/u;
    %jmp/1 T_11.17, 6;
    %dup/vec4;
    %pushi/vec4 3, 0, 3;
    %cmp/u;
    %jmp/1 T_11.18, 6;
    %dup/vec4;
    %pushi/vec4 4, 0, 3;
    %cmp/u;
    %jmp/1 T_11.19, 6;
    %dup/vec4;
    %pushi/vec4 5, 0, 3;
    %cmp/u;
    %jmp/1 T_11.20, 6;
    %dup/vec4;
    %pushi/vec4 6, 0, 3;
    %cmp/u;
    %jmp/1 T_11.21, 6;
    %pushi/vec4 1, 0, 3;
    %store/vec4 v0x7ff554880670_0, 0, 3;
    %jmp T_11.23;
T_11.15 ;
    %pushi/vec4 1, 0, 1;
    %store/vec4 v0x7ff55487f950_0, 0, 1;
    %pushi/vec4 0, 0, 1;
    %store/vec4 v0x7ff55487e9e0_0, 0, 1;
    %pushi/vec4 1, 0, 1;
    %store/vec4 v0x7ff55487e760_0, 0, 1;
    %pushi/vec4 0, 0, 1;
    %store/vec4 v0x7ff55487e620_0, 0, 1;
    %pushi/vec4 1, 0, 3;
    %store/vec4 v0x7ff554880670_0, 0, 3;
    %jmp T_11.23;
T_11.16 ;
    %pushi/vec4 1, 0, 1;
    %store/vec4 v0x7ff55487f950_0, 0, 1;
    %pushi/vec4 0, 0, 1;
    %store/vec4 v0x7ff55487e9e0_0, 0, 1;
    %pushi/vec4 0, 0, 4;
    %store/vec4 v0x7ff55487ec10_0, 0, 4;
    %load/vec4 v0x7ff55487f450_0;
    %flag_set/vec4 8;
    %jmp/0xz  T_11.24, 8;
    %pushi/vec4 2, 0, 3;
    %store/vec4 v0x7ff554880670_0, 0, 3;
    %pushi/vec4 1, 0, 1;
    %store/vec4 v0x7ff55487e9e0_0, 0, 1;
    %pushi/vec4 0, 0, 1;
    %ix/getv 4, v0x7ff55487f4f0_0;
    %store/vec4 v0x7ff554880330_0, 4, 1;
    %load/vec4 v0x7ff554880330_0;
    %or/r;
    %flag_set/vec4 8;
    %jmp/0xz  T_11.26, 8;
    %alloc S_0x7ff55487d140;
    %load/vec4 v0x7ff554880330_0;
    %store/vec4 v0x7ff55487d660_0, 0, 8;
    %callf/vec4 TD_Lift8.u_ctrl.scan_highest_request, S_0x7ff55487d140;
    %free S_0x7ff55487d140;
    %store/vec4 v0x7ff55487fa90_0, 0, 3;
    %alloc S_0x7ff55487d860;
    %load/vec4 v0x7ff554880330_0;
    %store/vec4 v0x7ff55487dd60_0, 0, 8;
    %callf/vec4 TD_Lift8.u_ctrl.scan_lowest_request, S_0x7ff55487d860;
    %free S_0x7ff55487d860;
    %store/vec4 v0x7ff55487fca0_0, 0, 3;
    %jmp T_11.27;
T_11.26 ;
    %pushi/vec4 0, 0, 3;
    %store/vec4 v0x7ff55487fa90_0, 0, 3;
    %pushi/vec4 7, 0, 3;
    %store/vec4 v0x7ff55487fca0_0, 0, 3;
T_11.27 ;
    %pushi/vec4 10, 0, 4;
    %store/vec4 v0x7ff55487ec10_0, 0, 4;
    %jmp T_11.25;
T_11.24 ;
    %load/vec4 v0x7ff55487e0f0_0;
    %flag_set/vec4 8;
    %jmp/0xz  T_11.28, 8;
    %load/vec4 v0x7ff55487e800_0;
    %flag_set/vec4 10;
    %flag_get/vec4 10;
    %jmp/0 T_11.33, 10;
    %load/vec4 v0x7ff55487f4f0_0;
    %load/vec4 v0x7ff55487fb40_0;
    %cmp/u;
    %flag_get/vec4 5;
    %and;
T_11.33;
    %flag_set/vec4 9;
    %flag_get/vec4 9;
    %jmp/0 T_11.32, 9;
    %load/vec4 v0x7ff55487e3d0_0;
    %and;
T_11.32;
    %flag_set/vec4 8;
    %jmp/0xz  T_11.30, 8;
    %pushi/vec4 3, 0, 3;
    %store/vec4 v0x7ff554880670_0, 0, 3;
    %pushi/vec4 0, 0, 1;
    %store/vec4 v0x7ff55487f950_0, 0, 1;
    %jmp T_11.31;
T_11.30 ;
    %load/vec4 v0x7ff55487e6c0_0;
    %flag_set/vec4 10;
    %flag_get/vec4 10;
    %jmp/0 T_11.37, 10;
    %load/vec4 v0x7ff55487fd50_0;
    %load/vec4 v0x7ff55487f4f0_0;
    %cmp/u;
    %flag_get/vec4 5;
    %and;
T_11.37;
    %flag_set/vec4 9;
    %flag_get/vec4 9;
    %jmp/0 T_11.36, 9;
    %load/vec4 v0x7ff55487e330_0;
    %and;
T_11.36;
    %flag_set/vec4 8;
    %jmp/0xz  T_11.34, 8;
    %pushi/vec4 4, 0, 3;
    %store/vec4 v0x7ff554880670_0, 0, 3;
    %pushi/vec4 0, 0, 1;
    %store/vec4 v0x7ff55487f950_0, 0, 1;
    %jmp T_11.35;
T_11.34 ;
    %load/vec4 v0x7ff55487fb40_0;
    %load/vec4 v0x7ff55487f4f0_0;
    %cmp/e;
    %flag_get/vec4 4;
    %jmp/0 T_11.40, 4;
    %load/vec4 v0x7ff55487fd50_0;
    %load/vec4 v0x7ff55487f4f0_0;
    %cmp/u;
    %flag_get/vec4 5;
    %and;
T_11.40;
    %flag_set/vec4 8;
    %jmp/0xz  T_11.38, 8;
    %pushi/vec4 6, 0, 3;
    %store/vec4 v0x7ff554880670_0, 0, 3;
    %pushi/vec4 0, 0, 1;
    %store/vec4 v0x7ff55487e760_0, 0, 1;
    %pushi/vec4 1, 0, 1;
    %store/vec4 v0x7ff55487e620_0, 0, 1;
    %jmp T_11.39;
T_11.38 ;
    %load/vec4 v0x7ff55487fd50_0;
    %load/vec4 v0x7ff55487f4f0_0;
    %cmp/e;
    %flag_get/vec4 4;
    %jmp/0 T_11.43, 4;
    %load/vec4 v0x7ff55487f4f0_0;
    %load/vec4 v0x7ff55487fb40_0;
    %cmp/u;
    %flag_get/vec4 5;
    %and;
T_11.43;
    %flag_set/vec4 8;
    %jmp/0xz  T_11.41, 8;
    %pushi/vec4 5, 0, 3;
    %store/vec4 v0x7ff554880670_0, 0, 3;
    %pushi/vec4 1, 0, 1;
    %store/vec4 v0x7ff55487e760_0, 0, 1;
    %pushi/vec4 0, 0, 1;
    %store/vec4 v0x7ff55487e620_0, 0, 1;
    %jmp T_11.42;
T_11.41 ;
    %load/vec4 v0x7ff55487f4f0_0;
    %load/vec4 v0x7ff55487fb40_0;
    %cmp/u;
    %flag_get/vec4 5;
    %jmp/0 T_11.46, 5;
    %load/vec4 v0x7ff55487e3d0_0;
    %and;
T_11.46;
    %flag_set/vec4 8;
    %jmp/0xz  T_11.44, 8;
    %pushi/vec4 1, 0, 1;
    %store/vec4 v0x7ff55487e760_0, 0, 1;
    %pushi/vec4 0, 0, 1;
    %store/vec4 v0x7ff55487e620_0, 0, 1;
    %pushi/vec4 3, 0, 3;
    %store/vec4 v0x7ff554880670_0, 0, 3;
    %pushi/vec4 0, 0, 1;
    %store/vec4 v0x7ff55487f950_0, 0, 1;
    %jmp T_11.45;
T_11.44 ;
    %load/vec4 v0x7ff55487fd50_0;
    %load/vec4 v0x7ff55487f4f0_0;
    %cmp/u;
    %flag_get/vec4 5;
    %jmp/0 T_11.49, 5;
    %load/vec4 v0x7ff55487e330_0;
    %and;
T_11.49;
    %flag_set/vec4 8;
    %jmp/0xz  T_11.47, 8;
    %pushi/vec4 0, 0, 1;
    %store/vec4 v0x7ff55487e760_0, 0, 1;
    %pushi/vec4 1, 0, 1;
    %store/vec4 v0x7ff55487e620_0, 0, 1;
    %pushi/vec4 4, 0, 3;
    %store/vec4 v0x7ff554880670_0, 0, 3;
    %pushi/vec4 0, 0, 1;
    %store/vec4 v0x7ff55487f950_0, 0, 1;
T_11.47 ;
T_11.45 ;
T_11.42 ;
T_11.39 ;
T_11.35 ;
T_11.31 ;
T_11.28 ;
T_11.25 ;
    %jmp T_11.23;
T_11.17 ;
    %pushi/vec4 1, 0, 1;
    %store/vec4 v0x7ff55487f950_0, 0, 1;
    %pushi/vec4 1, 0, 1;
    %store/vec4 v0x7ff55487e9e0_0, 0, 1;
    %load/vec4 v0x7ff55487e8a0_0;
    %flag_set/vec4 8;
    %jmp/0xz  T_11.50, 8;
    %pushi/vec4 10, 0, 4;
    %store/vec4 v0x7ff55487ec10_0, 0, 4;
    %jmp T_11.51;
T_11.50 ;
    %load/vec4 v0x7ff55487eca0_0;
    %cmpi/ne 0, 0, 4;
    %jmp/0xz  T_11.52, 4;
    %load/vec4 v0x7ff55487eca0_0;
    %subi 1, 0, 4;
    %store/vec4 v0x7ff55487ec10_0, 0, 4;
T_11.52 ;
T_11.51 ;
    %load/vec4 v0x7ff55487f450_0;
    %flag_set/vec4 8;
    %jmp/0xz  T_11.54, 8;
    %pushi/vec4 0, 0, 1;
    %ix/getv 4, v0x7ff55487f4f0_0;
    %store/vec4 v0x7ff554880330_0, 4, 1;
    %load/vec4 v0x7ff554880330_0;
    %or/r;
    %flag_set/vec4 8;
    %jmp/0xz  T_11.56, 8;
    %alloc S_0x7ff55487d140;
    %load/vec4 v0x7ff554880330_0;
    %store/vec4 v0x7ff55487d660_0, 0, 8;
    %callf/vec4 TD_Lift8.u_ctrl.scan_highest_request, S_0x7ff55487d140;
    %free S_0x7ff55487d140;
    %store/vec4 v0x7ff55487fa90_0, 0, 3;
    %alloc S_0x7ff55487d860;
    %load/vec4 v0x7ff554880330_0;
    %store/vec4 v0x7ff55487dd60_0, 0, 8;
    %callf/vec4 TD_Lift8.u_ctrl.scan_lowest_request, S_0x7ff55487d860;
    %free S_0x7ff55487d860;
    %store/vec4 v0x7ff55487fca0_0, 0, 3;
    %jmp T_11.57;
T_11.56 ;
    %pushi/vec4 0, 0, 3;
    %store/vec4 v0x7ff55487fa90_0, 0, 3;
    %pushi/vec4 7, 0, 3;
    %store/vec4 v0x7ff55487fca0_0, 0, 3;
T_11.57 ;
    %pushi/vec4 10, 0, 4;
    %store/vec4 v0x7ff55487ec10_0, 0, 4;
    %jmp T_11.55;
T_11.54 ;
    %load/vec4 v0x7ff55487eca0_0;
    %cmpi/e 1, 0, 4;
    %flag_get/vec4 4;
    %jmp/0 T_11.60, 4;
    %load/vec4 v0x7ff55487e8a0_0;
    %nor/r;
    %and;
T_11.60;
    %flag_set/vec4 8;
    %jmp/0xz  T_11.58, 8;
    %pushi/vec4 1, 0, 3;
    %store/vec4 v0x7ff554880670_0, 0, 3;
    %pushi/vec4 0, 0, 1;
    %store/vec4 v0x7ff55487e9e0_0, 0, 1;
    %pushi/vec4 0, 0, 4;
    %store/vec4 v0x7ff55487ec10_0, 0, 4;
T_11.58 ;
T_11.55 ;
    %jmp T_11.23;
T_11.18 ;
    %pushi/vec4 0, 0, 1;
    %store/vec4 v0x7ff55487f950_0, 0, 1;
    %pushi/vec4 0, 0, 1;
    %store/vec4 v0x7ff55487e9e0_0, 0, 1;
    %load/vec4 v0x7ff55487f450_0;
    %flag_set/vec4 8;
    %jmp/0xz  T_11.61, 8;
    %pushi/vec4 2, 0, 3;
    %store/vec4 v0x7ff554880670_0, 0, 3;
    %pushi/vec4 1, 0, 1;
    %store/vec4 v0x7ff55487e9e0_0, 0, 1;
    %pushi/vec4 1, 0, 1;
    %store/vec4 v0x7ff55487f950_0, 0, 1;
    %pushi/vec4 0, 0, 1;
    %ix/getv 4, v0x7ff55487f4f0_0;
    %store/vec4 v0x7ff554880330_0, 4, 1;
    %load/vec4 v0x7ff554880330_0;
    %or/r;
    %flag_set/vec4 8;
    %jmp/0xz  T_11.63, 8;
    %alloc S_0x7ff55487d140;
    %load/vec4 v0x7ff554880330_0;
    %store/vec4 v0x7ff55487d660_0, 0, 8;
    %callf/vec4 TD_Lift8.u_ctrl.scan_highest_request, S_0x7ff55487d140;
    %free S_0x7ff55487d140;
    %store/vec4 v0x7ff55487fa90_0, 0, 3;
    %alloc S_0x7ff55487d860;
    %load/vec4 v0x7ff554880330_0;
    %store/vec4 v0x7ff55487dd60_0, 0, 8;
    %callf/vec4 TD_Lift8.u_ctrl.scan_lowest_request, S_0x7ff55487d860;
    %free S_0x7ff55487d860;
    %store/vec4 v0x7ff55487fca0_0, 0, 3;
    %jmp T_11.64;
T_11.63 ;
    %pushi/vec4 0, 0, 3;
    %store/vec4 v0x7ff55487fa90_0, 0, 3;
    %pushi/vec4 7, 0, 3;
    %store/vec4 v0x7ff55487fca0_0, 0, 3;
T_11.64 ;
    %pushi/vec4 10, 0, 4;
    %store/vec4 v0x7ff55487ec10_0, 0, 4;
    %jmp T_11.62;
T_11.61 ;
    %load/vec4 v0x7ff55487e3d0_0;
    %flag_set/vec4 8;
    %jmp/0xz  T_11.65, 8;
    %load/vec4 v0x7ff55487f4f0_0;
    %addi 1, 0, 3;
    %store/vec4 v0x7ff55487f3a0_0, 0, 3;
    %jmp T_11.66;
T_11.65 ;
    %pushi/vec4 1, 0, 3;
    %store/vec4 v0x7ff554880670_0, 0, 3;
    %pushi/vec4 1, 0, 1;
    %store/vec4 v0x7ff55487f950_0, 0, 1;
    %pushi/vec4 0, 0, 1;
    %store/vec4 v0x7ff55487e760_0, 0, 1;
    %pushi/vec4 1, 0, 1;
    %store/vec4 v0x7ff55487e620_0, 0, 1;
T_11.66 ;
T_11.62 ;
    %jmp T_11.23;
T_11.19 ;
    %pushi/vec4 0, 0, 1;
    %store/vec4 v0x7ff55487f950_0, 0, 1;
    %pushi/vec4 0, 0, 1;
    %store/vec4 v0x7ff55487e9e0_0, 0, 1;
    %load/vec4 v0x7ff55487f450_0;
    %flag_set/vec4 8;
    %jmp/0xz  T_11.67, 8;
    %pushi/vec4 2, 0, 3;
    %store/vec4 v0x7ff554880670_0, 0, 3;
    %pushi/vec4 1, 0, 1;
    %store/vec4 v0x7ff55487e9e0_0, 0, 1;
    %pushi/vec4 1, 0, 1;
    %store/vec4 v0x7ff55487f950_0, 0, 1;
    %pushi/vec4 0, 0, 1;
    %ix/getv 4, v0x7ff55487f4f0_0;
    %store/vec4 v0x7ff554880330_0, 4, 1;
    %load/vec4 v0x7ff554880330_0;
    %or/r;
    %flag_set/vec4 8;
    %jmp/0xz  T_11.69, 8;
    %alloc S_0x7ff55487d140;
    %load/vec4 v0x7ff554880330_0;
    %store/vec4 v0x7ff55487d660_0, 0, 8;
    %callf/vec4 TD_Lift8.u_ctrl.scan_highest_request, S_0x7ff55487d140;
    %free S_0x7ff55487d140;
    %store/vec4 v0x7ff55487fa90_0, 0, 3;
    %alloc S_0x7ff55487d860;
    %load/vec4 v0x7ff554880330_0;
    %store/vec4 v0x7ff55487dd60_0, 0, 8;
    %callf/vec4 TD_Lift8.u_ctrl.scan_lowest_request, S_0x7ff55487d860;
    %free S_0x7ff55487d860;
    %store/vec4 v0x7ff55487fca0_0, 0, 3;
    %jmp T_11.70;
T_11.69 ;
    %pushi/vec4 0, 0, 3;
    %store/vec4 v0x7ff55487fa90_0, 0, 3;
    %pushi/vec4 7, 0, 3;
    %store/vec4 v0x7ff55487fca0_0, 0, 3;
T_11.70 ;
    %pushi/vec4 10, 0, 4;
    %store/vec4 v0x7ff55487ec10_0, 0, 4;
    %jmp T_11.68;
T_11.67 ;
    %load/vec4 v0x7ff55487e330_0;
    %flag_set/vec4 8;
    %jmp/0xz  T_11.71, 8;
    %load/vec4 v0x7ff55487f4f0_0;
    %subi 1, 0, 3;
    %store/vec4 v0x7ff55487f3a0_0, 0, 3;
    %jmp T_11.72;
T_11.71 ;
    %pushi/vec4 1, 0, 3;
    %store/vec4 v0x7ff554880670_0, 0, 3;
    %pushi/vec4 1, 0, 1;
    %store/vec4 v0x7ff55487f950_0, 0, 1;
    %pushi/vec4 1, 0, 1;
    %store/vec4 v0x7ff55487e760_0, 0, 1;
    %pushi/vec4 0, 0, 1;
    %store/vec4 v0x7ff55487e620_0, 0, 1;
T_11.72 ;
T_11.68 ;
    %jmp T_11.23;
T_11.20 ;
    %pushi/vec4 1, 0, 1;
    %store/vec4 v0x7ff55487e760_0, 0, 1;
    %pushi/vec4 0, 0, 1;
    %store/vec4 v0x7ff55487e620_0, 0, 1;
    %pushi/vec4 2, 0, 3;
    %store/vec4 v0x7ff554880670_0, 0, 3;
    %pushi/vec4 1, 0, 1;
    %store/vec4 v0x7ff55487e9e0_0, 0, 1;
    %pushi/vec4 1, 0, 1;
    %store/vec4 v0x7ff55487f950_0, 0, 1;
    %load/vec4 v0x7ff55487f450_0;
    %flag_set/vec4 8;
    %jmp/0xz  T_11.73, 8;
    %pushi/vec4 0, 0, 1;
    %ix/getv 4, v0x7ff55487f4f0_0;
    %store/vec4 v0x7ff554880330_0, 4, 1;
    %load/vec4 v0x7ff554880330_0;
    %or/r;
    %flag_set/vec4 8;
    %jmp/0xz  T_11.75, 8;
    %alloc S_0x7ff55487d140;
    %load/vec4 v0x7ff554880330_0;
    %store/vec4 v0x7ff55487d660_0, 0, 8;
    %callf/vec4 TD_Lift8.u_ctrl.scan_highest_request, S_0x7ff55487d140;
    %free S_0x7ff55487d140;
    %store/vec4 v0x7ff55487fa90_0, 0, 3;
    %alloc S_0x7ff55487d860;
    %load/vec4 v0x7ff554880330_0;
    %store/vec4 v0x7ff55487dd60_0, 0, 8;
    %callf/vec4 TD_Lift8.u_ctrl.scan_lowest_request, S_0x7ff55487d860;
    %free S_0x7ff55487d860;
    %store/vec4 v0x7ff55487fca0_0, 0, 3;
    %jmp T_11.76;
T_11.75 ;
    %pushi/vec4 0, 0, 3;
    %store/vec4 v0x7ff55487fa90_0, 0, 3;
    %pushi/vec4 7, 0, 3;
    %store/vec4 v0x7ff55487fca0_0, 0, 3;
T_11.76 ;
T_11.73 ;
    %pushi/vec4 10, 0, 4;
    %store/vec4 v0x7ff55487ec10_0, 0, 4;
    %jmp T_11.23;
T_11.21 ;
    %pushi/vec4 0, 0, 1;
    %store/vec4 v0x7ff55487e760_0, 0, 1;
    %pushi/vec4 1, 0, 1;
    %store/vec4 v0x7ff55487e620_0, 0, 1;
    %pushi/vec4 2, 0, 3;
    %store/vec4 v0x7ff554880670_0, 0, 3;
    %pushi/vec4 1, 0, 1;
    %store/vec4 v0x7ff55487e9e0_0, 0, 1;
    %pushi/vec4 1, 0, 1;
    %store/vec4 v0x7ff55487f950_0, 0, 1;
    %load/vec4 v0x7ff55487f450_0;
    %flag_set/vec4 8;
    %jmp/0xz  T_11.77, 8;
    %pushi/vec4 0, 0, 1;
    %ix/getv 4, v0x7ff55487f4f0_0;
    %store/vec4 v0x7ff554880330_0, 4, 1;
    %load/vec4 v0x7ff554880330_0;
    %or/r;
    %flag_set/vec4 8;
    %jmp/0xz  T_11.79, 8;
    %alloc S_0x7ff55487d140;
    %load/vec4 v0x7ff554880330_0;
    %store/vec4 v0x7ff55487d660_0, 0, 8;
    %callf/vec4 TD_Lift8.u_ctrl.scan_highest_request, S_0x7ff55487d140;
    %free S_0x7ff55487d140;
    %store/vec4 v0x7ff55487fa90_0, 0, 3;
    %alloc S_0x7ff55487d860;
    %load/vec4 v0x7ff554880330_0;
    %store/vec4 v0x7ff55487dd60_0, 0, 8;
    %callf/vec4 TD_Lift8.u_ctrl.scan_lowest_request, S_0x7ff55487d860;
    %free S_0x7ff55487d860;
    %store/vec4 v0x7ff55487fca0_0, 0, 3;
    %jmp T_11.80;
T_11.79 ;
    %pushi/vec4 0, 0, 3;
    %store/vec4 v0x7ff55487fa90_0, 0, 3;
    %pushi/vec4 7, 0, 3;
    %store/vec4 v0x7ff55487fca0_0, 0, 3;
T_11.80 ;
T_11.77 ;
    %pushi/vec4 10, 0, 4;
    %store/vec4 v0x7ff55487ec10_0, 0, 4;
    %jmp T_11.23;
T_11.23 ;
    %pop/vec4 1;
T_11.13 ;
T_11.9 ;
T_11.7 ;
    %end;
    .scope S_0x7ff55485c110;
t_12 %join;
    %jmp T_11;
    .thread T_11, $push;
    .scope S_0x7ff55485c110;
T_12 ;
    %wait E_0x7ff554874490;
    %load/vec4 v0x7ff554880490_0;
    %flag_set/vec4 8;
    %jmp/0xz  T_12.0, 8;
    %pushi/vec4 0, 0, 3;
    %assign/vec4 v0x7ff554880720_0, 0;
    %pushi/vec4 0, 0, 8;
    %assign/vec4 v0x7ff5548803e0_0, 0;
    %pushi/vec4 0, 0, 3;
    %assign/vec4 v0x7ff55487fb40_0, 0;
    %pushi/vec4 7, 0, 3;
    %assign/vec4 v0x7ff55487fd50_0, 0;
    %pushi/vec4 0, 0, 3;
    %assign/vec4 v0x7ff55487f4f0_0, 0;
    %pushi/vec4 1, 0, 1;
    %assign/vec4 v0x7ff55487e800_0, 0;
    %pushi/vec4 0, 0, 1;
    %assign/vec4 v0x7ff55487e6c0_0, 0;
    %pushi/vec4 0, 0, 1;
    %assign/vec4 v0x7ff55487ea80_0, 0;
    %pushi/vec4 1, 0, 1;
    %assign/vec4 v0x7ff55487f9f0_0, 0;
    %pushi/vec4 0, 0, 4;
    %assign/vec4 v0x7ff55487eca0_0, 0;
    %pushi/vec4 0, 0, 1;
    %assign/vec4 v0x7ff55487ee80_0, 0;
    %pushi/vec4 1, 0, 1;
    %assign/vec4 v0x7ff55487f1a0_0, 0;
    %pushi/vec4 0, 0, 1;
    %assign/vec4 v0x7ff55487f060_0, 0;
    %pushi/vec4 1, 0, 3;
    %assign/vec4 v0x7ff55487f2f0_0, 0;
    %jmp T_12.1;
T_12.0 ;
    %load/vec4 v0x7ff554880670_0;
    %assign/vec4 v0x7ff554880720_0, 0;
    %load/vec4 v0x7ff554880330_0;
    %assign/vec4 v0x7ff5548803e0_0, 0;
    %load/vec4 v0x7ff55487fa90_0;
    %assign/vec4 v0x7ff55487fb40_0, 0;
    %load/vec4 v0x7ff55487fca0_0;
    %assign/vec4 v0x7ff55487fd50_0, 0;
    %load/vec4 v0x7ff55487f3a0_0;
    %assign/vec4 v0x7ff55487f4f0_0, 0;
    %load/vec4 v0x7ff55487e760_0;
    %assign/vec4 v0x7ff55487e800_0, 0;
    %load/vec4 v0x7ff55487e620_0;
    %assign/vec4 v0x7ff55487e6c0_0, 0;
    %load/vec4 v0x7ff55487e9e0_0;
    %assign/vec4 v0x7ff55487ea80_0, 0;
    %load/vec4 v0x7ff55487f950_0;
    %assign/vec4 v0x7ff55487f9f0_0, 0;
    %load/vec4 v0x7ff55487ec10_0;
    %assign/vec4 v0x7ff55487eca0_0, 0;
    %load/vec4 v0x7ff55487ede0_0;
    %assign/vec4 v0x7ff55487ee80_0, 0;
    %load/vec4 v0x7ff55487f100_0;
    %assign/vec4 v0x7ff55487f1a0_0, 0;
    %load/vec4 v0x7ff55487efc0_0;
    %assign/vec4 v0x7ff55487f060_0, 0;
    %load/vec4 v0x7ff55487f240_0;
    %assign/vec4 v0x7ff55487f2f0_0, 0;
T_12.1 ;
    %jmp T_12;
    .thread T_12;
    .scope S_0x7ff55485cf10;
T_13 ;
    %wait E_0x7ff554874490;
    %load/vec4 v0x7ff554881df0_0;
    %flag_set/vec4 8;
    %jmp/0xz  T_13.0, 8;
    %pushi/vec4 0, 0, 3;
    %assign/vec4 v0x7ff554881c00_0, 0;
    %jmp T_13.1;
T_13.0 ;
    %load/vec4 v0x7ff554881b50_0;
    %assign/vec4 v0x7ff554881c00_0, 0;
T_13.1 ;
    %jmp T_13;
    .thread T_13;
    .scope S_0x7ff554882310;
T_14 ;
Ewait_1 .event/or E_0x7ff554882d00, E_0x0;
    %wait Ewait_1;
    %fork t_15, S_0x7ff554882e20;
    %jmp t_14;
    .scope S_0x7ff554882e20;
t_15 ;
    %load/vec4 v0x7ff554887ea0_0;
    %store/vec4 v0x7ff554887df0_0, 0, 3;
    %load/vec4 v0x7ff554887b60_0;
    %store/vec4 v0x7ff554887ab0_0, 0, 8;
    %load/vec4 v0x7ff5548872c0_0;
    %store/vec4 v0x7ff554887210_0, 0, 3;
    %load/vec4 v0x7ff5548874d0_0;
    %store/vec4 v0x7ff554887420_0, 0, 3;
    %load/vec4 v0x7ff554886c70_0;
    %store/vec4 v0x7ff554886b20_0, 0, 3;
    %load/vec4 v0x7ff554885f80_0;
    %store/vec4 v0x7ff554885ee0_0, 0, 1;
    %load/vec4 v0x7ff554885e40_0;
    %store/vec4 v0x7ff554885da0_0, 0, 1;
    %load/vec4 v0x7ff554886200_0;
    %store/vec4 v0x7ff554886160_0, 0, 1;
    %load/vec4 v0x7ff554887170_0;
    %store/vec4 v0x7ff5548870d0_0, 0, 1;
    %load/vec4 v0x7ff554886420_0;
    %store/vec4 v0x7ff554886390_0, 0, 3;
    %load/vec4 v0x7ff554886600_0;
    %store/vec4 v0x7ff554886560_0, 0, 1;
    %load/vec4 v0x7ff554886920_0;
    %store/vec4 v0x7ff554886880_0, 0, 1;
    %load/vec4 v0x7ff5548867e0_0;
    %store/vec4 v0x7ff554886740_0, 0, 1;
    %load/vec4 v0x7ff554886a70_0;
    %store/vec4 v0x7ff5548869c0_0, 0, 3;
    %load/vec4 v0x7ff554887b60_0;
    %load/vec4 v0x7ff554886c70_0;
    %part/u 1;
    %store/vec4 v0x7ff554886bd0_0, 0, 1;
    %load/vec4 v0x7ff554887b60_0;
    %or/r;
    %store/vec4 v0x7ff554885870_0, 0, 1;
    %load/vec4 v0x7ff554886c70_0;
    %cmpi/u 7, 0, 3;
    %flag_get/vec4 5;
    %jmp/0 T_14.0, 5;
    %load/vec4 v0x7ff554887f50_0;
    %nor/r;
    %and;
T_14.0;
    %store/vec4 v0x7ff554885b50_0, 0, 1;
    %load/vec4 v0x7ff554886c70_0;
    %cmpi/u 0, 0, 3;
    %flag_or 5, 4; GT is !LE
    %flag_inv 5;
    %flag_get/vec4 5;
    %jmp/0 T_14.1, 5;
    %load/vec4 v0x7ff554885920_0;
    %nor/r;
    %and;
T_14.1;
    %store/vec4 v0x7ff554885ab0_0, 0, 1;
    %alloc S_0x7ff5548833a0;
    %load/vec4 v0x7ff5548859c0_0;
    %load/vec4 v0x7ff554886fb0_0;
    %load/vec4 v0x7ff5548862b0_0;
    %load/vec4 v0x7ff554887a10_0;
    %load/vec4 v0x7ff5548878c0_0;
    %load/vec4 v0x7ff554887820_0;
    %load/vec4 v0x7ff554887970_0;
    %load/vec4 v0x7ff554886c70_0;
    %load/vec4 v0x7ff554885f80_0;
    %load/vec4 v0x7ff554885e40_0;
    %load/vec4 v0x7ff554887170_0;
    %store/vec4 v0x7ff554883c20_0, 0, 1;
    %store/vec4 v0x7ff5548839f0_0, 0, 1;
    %store/vec4 v0x7ff554883a90_0, 0, 1;
    %store/vec4 v0x7ff554883b70_0, 0, 3;
    %store/vec4 v0x7ff554884080_0, 0, 1;
    %store/vec4 v0x7ff554883f30_0, 0, 1;
    %store/vec4 v0x7ff554883fd0_0, 0, 3;
    %store/vec4 v0x7ff554884120_0, 0, 1;
    %store/vec4 v0x7ff554883cc0_0, 0, 8;
    %store/vec4 v0x7ff554883d70_0, 0, 8;
    %store/vec4 v0x7ff554883880_0, 0, 8;
    %callf/vec4 TD_elevator_controller_tb.dut.collect_new_requests, S_0x7ff5548833a0;
    %free S_0x7ff5548833a0;
    %store/vec4 v0x7ff554882ff0_0, 0, 8;
    %load/vec4 v0x7ff554882ff0_0;
    %or/r;
    %flag_set/vec4 8;
    %jmp/0xz  T_14.2, 8;
    %load/vec4 v0x7ff554887b60_0;
    %load/vec4 v0x7ff554882ff0_0;
    %or;
    %store/vec4 v0x7ff554887ab0_0, 0, 8;
    %load/vec4 v0x7ff554887ab0_0;
    %or/r;
    %flag_set/vec4 8;
    %jmp/0xz  T_14.4, 8;
    %alloc S_0x7ff5548848c0;
    %load/vec4 v0x7ff554887ab0_0;
    %store/vec4 v0x7ff554884de0_0, 0, 8;
    %callf/vec4 TD_elevator_controller_tb.dut.scan_highest_request, S_0x7ff5548848c0;
    %free S_0x7ff5548848c0;
    %store/vec4 v0x7ff554887210_0, 0, 3;
    %alloc S_0x7ff554884fe0;
    %load/vec4 v0x7ff554887ab0_0;
    %store/vec4 v0x7ff5548854e0_0, 0, 8;
    %callf/vec4 TD_elevator_controller_tb.dut.scan_lowest_request, S_0x7ff554884fe0;
    %free S_0x7ff554884fe0;
    %store/vec4 v0x7ff554887420_0, 0, 3;
    %jmp T_14.5;
T_14.4 ;
    %pushi/vec4 0, 0, 3;
    %store/vec4 v0x7ff554887210_0, 0, 3;
    %pushi/vec4 7, 0, 3;
    %store/vec4 v0x7ff554887420_0, 0, 3;
T_14.5 ;
T_14.2 ;
    %load/vec4 v0x7ff554887c10_0;
    %flag_set/vec4 8;
    %jmp/0xz  T_14.6, 8;
    %pushi/vec4 0, 0, 3;
    %store/vec4 v0x7ff554887df0_0, 0, 3;
    %pushi/vec4 0, 0, 8;
    %store/vec4 v0x7ff554887ab0_0, 0, 8;
    %pushi/vec4 0, 0, 3;
    %store/vec4 v0x7ff554887210_0, 0, 3;
    %pushi/vec4 7, 0, 3;
    %store/vec4 v0x7ff554887420_0, 0, 3;
    %pushi/vec4 0, 0, 3;
    %store/vec4 v0x7ff554886b20_0, 0, 3;
    %pushi/vec4 1, 0, 1;
    %store/vec4 v0x7ff554885ee0_0, 0, 1;
    %pushi/vec4 0, 0, 1;
    %store/vec4 v0x7ff554885da0_0, 0, 1;
    %pushi/vec4 0, 0, 1;
    %store/vec4 v0x7ff554886160_0, 0, 1;
    %pushi/vec4 1, 0, 1;
    %store/vec4 v0x7ff5548870d0_0, 0, 1;
    %pushi/vec4 0, 0, 3;
    %store/vec4 v0x7ff554886390_0, 0, 3;
    %pushi/vec4 0, 0, 1;
    %store/vec4 v0x7ff554886560_0, 0, 1;
    %jmp T_14.7;
T_14.6 ;
    %load/vec4 v0x7ff5548864c0_0;
    %flag_set/vec4 8;
    %jmp/0xz  T_14.8, 8;
    %load/vec4 v0x7ff554886600_0;
    %nor/r;
    %flag_set/vec4 8;
    %jmp/0xz  T_14.10, 8;
    %load/vec4 v0x7ff554885f80_0;
    %store/vec4 v0x7ff554886880_0, 0, 1;
    %load/vec4 v0x7ff554885e40_0;
    %store/vec4 v0x7ff554886740_0, 0, 1;
    %load/vec4 v0x7ff554887ea0_0;
    %store/vec4 v0x7ff5548869c0_0, 0, 3;
T_14.10 ;
    %pushi/vec4 1, 0, 1;
    %store/vec4 v0x7ff554886560_0, 0, 1;
    %pushi/vec4 1, 0, 3;
    %store/vec4 v0x7ff554887df0_0, 0, 3;
    %pushi/vec4 0, 0, 1;
    %store/vec4 v0x7ff554886160_0, 0, 1;
    %pushi/vec4 1, 0, 1;
    %store/vec4 v0x7ff5548870d0_0, 0, 1;
    %pushi/vec4 0, 0, 3;
    %store/vec4 v0x7ff554886390_0, 0, 3;
    %jmp T_14.9;
T_14.8 ;
    %load/vec4 v0x7ff554886600_0;
    %flag_set/vec4 8;
    %jmp/0xz  T_14.12, 8;
    %pushi/vec4 0, 0, 1;
    %store/vec4 v0x7ff554886560_0, 0, 1;
    %load/vec4 v0x7ff554886920_0;
    %store/vec4 v0x7ff554885ee0_0, 0, 1;
    %load/vec4 v0x7ff5548867e0_0;
    %store/vec4 v0x7ff554885da0_0, 0, 1;
    %load/vec4 v0x7ff554886a70_0;
    %store/vec4 v0x7ff554887df0_0, 0, 3;
    %load/vec4 v0x7ff554886a70_0;
    %cmpi/ne 3, 0, 3;
    %flag_get/vec4 4;
    %jmp/0 T_14.14, 4;
    %load/vec4 v0x7ff554886a70_0;
    %pushi/vec4 4, 0, 3;
    %cmp/ne;
    %flag_get/vec4 4;
    %and;
T_14.14;
    %store/vec4 v0x7ff5548870d0_0, 0, 1;
    %jmp T_14.13;
T_14.12 ;
    %load/vec4 v0x7ff554887ea0_0;
    %dup/vec4;
    %pushi/vec4 0, 0, 3;
    %cmp/u;
    %jmp/1 T_14.15, 6;
    %dup/vec4;
    %pushi/vec4 1, 0, 3;
    %cmp/u;
    %jmp/1 T_14.16, 6;
    %dup/vec4;
    %pushi/vec4 2, 0, 3;
    %cmp/u;
    %jmp/1 T_14.17, 6;
    %dup/vec4;
    %pushi/vec4 3, 0, 3;
    %cmp/u;
    %jmp/1 T_14.18, 6;
    %dup/vec4;
    %pushi/vec4 4, 0, 3;
    %cmp/u;
    %jmp/1 T_14.19, 6;
    %dup/vec4;
    %pushi/vec4 5, 0, 3;
    %cmp/u;
    %jmp/1 T_14.20, 6;
    %dup/vec4;
    %pushi/vec4 6, 0, 3;
    %cmp/u;
    %jmp/1 T_14.21, 6;
    %pushi/vec4 1, 0, 3;
    %store/vec4 v0x7ff554887df0_0, 0, 3;
    %jmp T_14.23;
T_14.15 ;
    %pushi/vec4 1, 0, 1;
    %store/vec4 v0x7ff5548870d0_0, 0, 1;
    %pushi/vec4 0, 0, 1;
    %store/vec4 v0x7ff554886160_0, 0, 1;
    %pushi/vec4 1, 0, 1;
    %store/vec4 v0x7ff554885ee0_0, 0, 1;
    %pushi/vec4 0, 0, 1;
    %store/vec4 v0x7ff554885da0_0, 0, 1;
    %pushi/vec4 1, 0, 3;
    %store/vec4 v0x7ff554887df0_0, 0, 3;
    %jmp T_14.23;
T_14.16 ;
    %pushi/vec4 1, 0, 1;
    %store/vec4 v0x7ff5548870d0_0, 0, 1;
    %pushi/vec4 0, 0, 1;
    %store/vec4 v0x7ff554886160_0, 0, 1;
    %pushi/vec4 0, 0, 3;
    %store/vec4 v0x7ff554886390_0, 0, 3;
    %load/vec4 v0x7ff554886bd0_0;
    %flag_set/vec4 8;
    %jmp/0xz  T_14.24, 8;
    %pushi/vec4 2, 0, 3;
    %store/vec4 v0x7ff554887df0_0, 0, 3;
    %pushi/vec4 1, 0, 1;
    %store/vec4 v0x7ff554886160_0, 0, 1;
    %pushi/vec4 0, 0, 1;
    %ix/getv 4, v0x7ff554886c70_0;
    %store/vec4 v0x7ff554887ab0_0, 4, 1;
    %load/vec4 v0x7ff554887ab0_0;
    %or/r;
    %flag_set/vec4 8;
    %jmp/0xz  T_14.26, 8;
    %alloc S_0x7ff5548848c0;
    %load/vec4 v0x7ff554887ab0_0;
    %store/vec4 v0x7ff554884de0_0, 0, 8;
    %callf/vec4 TD_elevator_controller_tb.dut.scan_highest_request, S_0x7ff5548848c0;
    %free S_0x7ff5548848c0;
    %store/vec4 v0x7ff554887210_0, 0, 3;
    %alloc S_0x7ff554884fe0;
    %load/vec4 v0x7ff554887ab0_0;
    %store/vec4 v0x7ff5548854e0_0, 0, 8;
    %callf/vec4 TD_elevator_controller_tb.dut.scan_lowest_request, S_0x7ff554884fe0;
    %free S_0x7ff554884fe0;
    %store/vec4 v0x7ff554887420_0, 0, 3;
    %jmp T_14.27;
T_14.26 ;
    %pushi/vec4 0, 0, 3;
    %store/vec4 v0x7ff554887210_0, 0, 3;
    %pushi/vec4 7, 0, 3;
    %store/vec4 v0x7ff554887420_0, 0, 3;
T_14.27 ;
    %pushi/vec4 4, 0, 3;
    %store/vec4 v0x7ff554886390_0, 0, 3;
    %jmp T_14.25;
T_14.24 ;
    %load/vec4 v0x7ff554885870_0;
    %flag_set/vec4 8;
    %jmp/0xz  T_14.28, 8;
    %load/vec4 v0x7ff554885f80_0;
    %flag_set/vec4 10;
    %flag_get/vec4 10;
    %jmp/0 T_14.33, 10;
    %load/vec4 v0x7ff554886c70_0;
    %load/vec4 v0x7ff5548872c0_0;
    %cmp/u;
    %flag_get/vec4 5;
    %and;
T_14.33;
    %flag_set/vec4 9;
    %flag_get/vec4 9;
    %jmp/0 T_14.32, 9;
    %load/vec4 v0x7ff554885b50_0;
    %and;
T_14.32;
    %flag_set/vec4 8;
    %jmp/0xz  T_14.30, 8;
    %pushi/vec4 3, 0, 3;
    %store/vec4 v0x7ff554887df0_0, 0, 3;
    %pushi/vec4 0, 0, 1;
    %store/vec4 v0x7ff5548870d0_0, 0, 1;
    %jmp T_14.31;
T_14.30 ;
    %load/vec4 v0x7ff554885e40_0;
    %flag_set/vec4 10;
    %flag_get/vec4 10;
    %jmp/0 T_14.37, 10;
    %load/vec4 v0x7ff5548874d0_0;
    %load/vec4 v0x7ff554886c70_0;
    %cmp/u;
    %flag_get/vec4 5;
    %and;
T_14.37;
    %flag_set/vec4 9;
    %flag_get/vec4 9;
    %jmp/0 T_14.36, 9;
    %load/vec4 v0x7ff554885ab0_0;
    %and;
T_14.36;
    %flag_set/vec4 8;
    %jmp/0xz  T_14.34, 8;
    %pushi/vec4 4, 0, 3;
    %store/vec4 v0x7ff554887df0_0, 0, 3;
    %pushi/vec4 0, 0, 1;
    %store/vec4 v0x7ff5548870d0_0, 0, 1;
    %jmp T_14.35;
T_14.34 ;
    %load/vec4 v0x7ff5548872c0_0;
    %load/vec4 v0x7ff554886c70_0;
    %cmp/e;
    %flag_get/vec4 4;
    %jmp/0 T_14.40, 4;
    %load/vec4 v0x7ff5548874d0_0;
    %load/vec4 v0x7ff554886c70_0;
    %cmp/u;
    %flag_get/vec4 5;
    %and;
T_14.40;
    %flag_set/vec4 8;
    %jmp/0xz  T_14.38, 8;
    %pushi/vec4 6, 0, 3;
    %store/vec4 v0x7ff554887df0_0, 0, 3;
    %pushi/vec4 0, 0, 1;
    %store/vec4 v0x7ff554885ee0_0, 0, 1;
    %pushi/vec4 1, 0, 1;
    %store/vec4 v0x7ff554885da0_0, 0, 1;
    %jmp T_14.39;
T_14.38 ;
    %load/vec4 v0x7ff5548874d0_0;
    %load/vec4 v0x7ff554886c70_0;
    %cmp/e;
    %flag_get/vec4 4;
    %jmp/0 T_14.43, 4;
    %load/vec4 v0x7ff554886c70_0;
    %load/vec4 v0x7ff5548872c0_0;
    %cmp/u;
    %flag_get/vec4 5;
    %and;
T_14.43;
    %flag_set/vec4 8;
    %jmp/0xz  T_14.41, 8;
    %pushi/vec4 5, 0, 3;
    %store/vec4 v0x7ff554887df0_0, 0, 3;
    %pushi/vec4 1, 0, 1;
    %store/vec4 v0x7ff554885ee0_0, 0, 1;
    %pushi/vec4 0, 0, 1;
    %store/vec4 v0x7ff554885da0_0, 0, 1;
    %jmp T_14.42;
T_14.41 ;
    %load/vec4 v0x7ff554886c70_0;
    %load/vec4 v0x7ff5548872c0_0;
    %cmp/u;
    %flag_get/vec4 5;
    %jmp/0 T_14.46, 5;
    %load/vec4 v0x7ff554885b50_0;
    %and;
T_14.46;
    %flag_set/vec4 8;
    %jmp/0xz  T_14.44, 8;
    %pushi/vec4 1, 0, 1;
    %store/vec4 v0x7ff554885ee0_0, 0, 1;
    %pushi/vec4 0, 0, 1;
    %store/vec4 v0x7ff554885da0_0, 0, 1;
    %pushi/vec4 3, 0, 3;
    %store/vec4 v0x7ff554887df0_0, 0, 3;
    %pushi/vec4 0, 0, 1;
    %store/vec4 v0x7ff5548870d0_0, 0, 1;
    %jmp T_14.45;
T_14.44 ;
    %load/vec4 v0x7ff5548874d0_0;
    %load/vec4 v0x7ff554886c70_0;
    %cmp/u;
    %flag_get/vec4 5;
    %jmp/0 T_14.49, 5;
    %load/vec4 v0x7ff554885ab0_0;
    %and;
T_14.49;
    %flag_set/vec4 8;
    %jmp/0xz  T_14.47, 8;
    %pushi/vec4 0, 0, 1;
    %store/vec4 v0x7ff554885ee0_0, 0, 1;
    %pushi/vec4 1, 0, 1;
    %store/vec4 v0x7ff554885da0_0, 0, 1;
    %pushi/vec4 4, 0, 3;
    %store/vec4 v0x7ff554887df0_0, 0, 3;
    %pushi/vec4 0, 0, 1;
    %store/vec4 v0x7ff5548870d0_0, 0, 1;
T_14.47 ;
T_14.45 ;
T_14.42 ;
T_14.39 ;
T_14.35 ;
T_14.31 ;
T_14.28 ;
T_14.25 ;
    %jmp T_14.23;
T_14.17 ;
    %pushi/vec4 1, 0, 1;
    %store/vec4 v0x7ff5548870d0_0, 0, 1;
    %pushi/vec4 1, 0, 1;
    %store/vec4 v0x7ff554886160_0, 0, 1;
    %load/vec4 v0x7ff554886020_0;
    %flag_set/vec4 8;
    %jmp/0xz  T_14.50, 8;
    %pushi/vec4 4, 0, 3;
    %store/vec4 v0x7ff554886390_0, 0, 3;
    %jmp T_14.51;
T_14.50 ;
    %load/vec4 v0x7ff554886420_0;
    %cmpi/ne 0, 0, 3;
    %jmp/0xz  T_14.52, 4;
    %load/vec4 v0x7ff554886420_0;
    %subi 1, 0, 3;
    %store/vec4 v0x7ff554886390_0, 0, 3;
T_14.52 ;
T_14.51 ;
    %load/vec4 v0x7ff554886bd0_0;
    %flag_set/vec4 8;
    %jmp/0xz  T_14.54, 8;
    %pushi/vec4 0, 0, 1;
    %ix/getv 4, v0x7ff554886c70_0;
    %store/vec4 v0x7ff554887ab0_0, 4, 1;
    %load/vec4 v0x7ff554887ab0_0;
    %or/r;
    %flag_set/vec4 8;
    %jmp/0xz  T_14.56, 8;
    %alloc S_0x7ff5548848c0;
    %load/vec4 v0x7ff554887ab0_0;
    %store/vec4 v0x7ff554884de0_0, 0, 8;
    %callf/vec4 TD_elevator_controller_tb.dut.scan_highest_request, S_0x7ff5548848c0;
    %free S_0x7ff5548848c0;
    %store/vec4 v0x7ff554887210_0, 0, 3;
    %alloc S_0x7ff554884fe0;
    %load/vec4 v0x7ff554887ab0_0;
    %store/vec4 v0x7ff5548854e0_0, 0, 8;
    %callf/vec4 TD_elevator_controller_tb.dut.scan_lowest_request, S_0x7ff554884fe0;
    %free S_0x7ff554884fe0;
    %store/vec4 v0x7ff554887420_0, 0, 3;
    %jmp T_14.57;
T_14.56 ;
    %pushi/vec4 0, 0, 3;
    %store/vec4 v0x7ff554887210_0, 0, 3;
    %pushi/vec4 7, 0, 3;
    %store/vec4 v0x7ff554887420_0, 0, 3;
T_14.57 ;
    %pushi/vec4 4, 0, 3;
    %store/vec4 v0x7ff554886390_0, 0, 3;
    %jmp T_14.55;
T_14.54 ;
    %load/vec4 v0x7ff554886420_0;
    %cmpi/e 1, 0, 3;
    %flag_get/vec4 4;
    %jmp/0 T_14.60, 4;
    %load/vec4 v0x7ff554886020_0;
    %nor/r;
    %and;
T_14.60;
    %flag_set/vec4 8;
    %jmp/0xz  T_14.58, 8;
    %pushi/vec4 1, 0, 3;
    %store/vec4 v0x7ff554887df0_0, 0, 3;
    %pushi/vec4 0, 0, 1;
    %store/vec4 v0x7ff554886160_0, 0, 1;
    %pushi/vec4 0, 0, 3;
    %store/vec4 v0x7ff554886390_0, 0, 3;
T_14.58 ;
T_14.55 ;
    %jmp T_14.23;
T_14.18 ;
    %pushi/vec4 0, 0, 1;
    %store/vec4 v0x7ff5548870d0_0, 0, 1;
    %pushi/vec4 0, 0, 1;
    %store/vec4 v0x7ff554886160_0, 0, 1;
    %load/vec4 v0x7ff554886bd0_0;
    %flag_set/vec4 8;
    %jmp/0xz  T_14.61, 8;
    %pushi/vec4 2, 0, 3;
    %store/vec4 v0x7ff554887df0_0, 0, 3;
    %pushi/vec4 1, 0, 1;
    %store/vec4 v0x7ff554886160_0, 0, 1;
    %pushi/vec4 1, 0, 1;
    %store/vec4 v0x7ff5548870d0_0, 0, 1;
    %pushi/vec4 0, 0, 1;
    %ix/getv 4, v0x7ff554886c70_0;
    %store/vec4 v0x7ff554887ab0_0, 4, 1;
    %load/vec4 v0x7ff554887ab0_0;
    %or/r;
    %flag_set/vec4 8;
    %jmp/0xz  T_14.63, 8;
    %alloc S_0x7ff5548848c0;
    %load/vec4 v0x7ff554887ab0_0;
    %store/vec4 v0x7ff554884de0_0, 0, 8;
    %callf/vec4 TD_elevator_controller_tb.dut.scan_highest_request, S_0x7ff5548848c0;
    %free S_0x7ff5548848c0;
    %store/vec4 v0x7ff554887210_0, 0, 3;
    %alloc S_0x7ff554884fe0;
    %load/vec4 v0x7ff554887ab0_0;
    %store/vec4 v0x7ff5548854e0_0, 0, 8;
    %callf/vec4 TD_elevator_controller_tb.dut.scan_lowest_request, S_0x7ff554884fe0;
    %free S_0x7ff554884fe0;
    %store/vec4 v0x7ff554887420_0, 0, 3;
    %jmp T_14.64;
T_14.63 ;
    %pushi/vec4 0, 0, 3;
    %store/vec4 v0x7ff554887210_0, 0, 3;
    %pushi/vec4 7, 0, 3;
    %store/vec4 v0x7ff554887420_0, 0, 3;
T_14.64 ;
    %pushi/vec4 4, 0, 3;
    %store/vec4 v0x7ff554886390_0, 0, 3;
    %jmp T_14.62;
T_14.61 ;
    %load/vec4 v0x7ff554885b50_0;
    %flag_set/vec4 8;
    %jmp/0xz  T_14.65, 8;
    %load/vec4 v0x7ff554886c70_0;
    %addi 1, 0, 3;
    %store/vec4 v0x7ff554886b20_0, 0, 3;
    %jmp T_14.66;
T_14.65 ;
    %pushi/vec4 1, 0, 3;
    %store/vec4 v0x7ff554887df0_0, 0, 3;
    %pushi/vec4 1, 0, 1;
    %store/vec4 v0x7ff5548870d0_0, 0, 1;
    %pushi/vec4 0, 0, 1;
    %store/vec4 v0x7ff554885ee0_0, 0, 1;
    %pushi/vec4 1, 0, 1;
    %store/vec4 v0x7ff554885da0_0, 0, 1;
T_14.66 ;
T_14.62 ;
    %jmp T_14.23;
T_14.19 ;
    %pushi/vec4 0, 0, 1;
    %store/vec4 v0x7ff5548870d0_0, 0, 1;
    %pushi/vec4 0, 0, 1;
    %store/vec4 v0x7ff554886160_0, 0, 1;
    %load/vec4 v0x7ff554886bd0_0;
    %flag_set/vec4 8;
    %jmp/0xz  T_14.67, 8;
    %pushi/vec4 2, 0, 3;
    %store/vec4 v0x7ff554887df0_0, 0, 3;
    %pushi/vec4 1, 0, 1;
    %store/vec4 v0x7ff554886160_0, 0, 1;
    %pushi/vec4 1, 0, 1;
    %store/vec4 v0x7ff5548870d0_0, 0, 1;
    %pushi/vec4 0, 0, 1;
    %ix/getv 4, v0x7ff554886c70_0;
    %store/vec4 v0x7ff554887ab0_0, 4, 1;
    %load/vec4 v0x7ff554887ab0_0;
    %or/r;
    %flag_set/vec4 8;
    %jmp/0xz  T_14.69, 8;
    %alloc S_0x7ff5548848c0;
    %load/vec4 v0x7ff554887ab0_0;
    %store/vec4 v0x7ff554884de0_0, 0, 8;
    %callf/vec4 TD_elevator_controller_tb.dut.scan_highest_request, S_0x7ff5548848c0;
    %free S_0x7ff5548848c0;
    %store/vec4 v0x7ff554887210_0, 0, 3;
    %alloc S_0x7ff554884fe0;
    %load/vec4 v0x7ff554887ab0_0;
    %store/vec4 v0x7ff5548854e0_0, 0, 8;
    %callf/vec4 TD_elevator_controller_tb.dut.scan_lowest_request, S_0x7ff554884fe0;
    %free S_0x7ff554884fe0;
    %store/vec4 v0x7ff554887420_0, 0, 3;
    %jmp T_14.70;
T_14.69 ;
    %pushi/vec4 0, 0, 3;
    %store/vec4 v0x7ff554887210_0, 0, 3;
    %pushi/vec4 7, 0, 3;
    %store/vec4 v0x7ff554887420_0, 0, 3;
T_14.70 ;
    %pushi/vec4 4, 0, 3;
    %store/vec4 v0x7ff554886390_0, 0, 3;
    %jmp T_14.68;
T_14.67 ;
    %load/vec4 v0x7ff554885ab0_0;
    %flag_set/vec4 8;
    %jmp/0xz  T_14.71, 8;
    %load/vec4 v0x7ff554886c70_0;
    %subi 1, 0, 3;
    %store/vec4 v0x7ff554886b20_0, 0, 3;
    %jmp T_14.72;
T_14.71 ;
    %pushi/vec4 1, 0, 3;
    %store/vec4 v0x7ff554887df0_0, 0, 3;
    %pushi/vec4 1, 0, 1;
    %store/vec4 v0x7ff5548870d0_0, 0, 1;
    %pushi/vec4 1, 0, 1;
    %store/vec4 v0x7ff554885ee0_0, 0, 1;
    %pushi/vec4 0, 0, 1;
    %store/vec4 v0x7ff554885da0_0, 0, 1;
T_14.72 ;
T_14.68 ;
    %jmp T_14.23;
T_14.20 ;
    %pushi/vec4 1, 0, 1;
    %store/vec4 v0x7ff554885ee0_0, 0, 1;
    %pushi/vec4 0, 0, 1;
    %store/vec4 v0x7ff554885da0_0, 0, 1;
    %pushi/vec4 2, 0, 3;
    %store/vec4 v0x7ff554887df0_0, 0, 3;
    %pushi/vec4 1, 0, 1;
    %store/vec4 v0x7ff554886160_0, 0, 1;
    %pushi/vec4 1, 0, 1;
    %store/vec4 v0x7ff5548870d0_0, 0, 1;
    %load/vec4 v0x7ff554886bd0_0;
    %flag_set/vec4 8;
    %jmp/0xz  T_14.73, 8;
    %pushi/vec4 0, 0, 1;
    %ix/getv 4, v0x7ff554886c70_0;
    %store/vec4 v0x7ff554887ab0_0, 4, 1;
    %load/vec4 v0x7ff554887ab0_0;
    %or/r;
    %flag_set/vec4 8;
    %jmp/0xz  T_14.75, 8;
    %alloc S_0x7ff5548848c0;
    %load/vec4 v0x7ff554887ab0_0;
    %store/vec4 v0x7ff554884de0_0, 0, 8;
    %callf/vec4 TD_elevator_controller_tb.dut.scan_highest_request, S_0x7ff5548848c0;
    %free S_0x7ff5548848c0;
    %store/vec4 v0x7ff554887210_0, 0, 3;
    %alloc S_0x7ff554884fe0;
    %load/vec4 v0x7ff554887ab0_0;
    %store/vec4 v0x7ff5548854e0_0, 0, 8;
    %callf/vec4 TD_elevator_controller_tb.dut.scan_lowest_request, S_0x7ff554884fe0;
    %free S_0x7ff554884fe0;
    %store/vec4 v0x7ff554887420_0, 0, 3;
    %jmp T_14.76;
T_14.75 ;
    %pushi/vec4 0, 0, 3;
    %store/vec4 v0x7ff554887210_0, 0, 3;
    %pushi/vec4 7, 0, 3;
    %store/vec4 v0x7ff554887420_0, 0, 3;
T_14.76 ;
T_14.73 ;
    %pushi/vec4 4, 0, 3;
    %store/vec4 v0x7ff554886390_0, 0, 3;
    %jmp T_14.23;
T_14.21 ;
    %pushi/vec4 0, 0, 1;
    %store/vec4 v0x7ff554885ee0_0, 0, 1;
    %pushi/vec4 1, 0, 1;
    %store/vec4 v0x7ff554885da0_0, 0, 1;
    %pushi/vec4 2, 0, 3;
    %store/vec4 v0x7ff554887df0_0, 0, 3;
    %pushi/vec4 1, 0, 1;
    %store/vec4 v0x7ff554886160_0, 0, 1;
    %pushi/vec4 1, 0, 1;
    %store/vec4 v0x7ff5548870d0_0, 0, 1;
    %load/vec4 v0x7ff554886bd0_0;
    %flag_set/vec4 8;
    %jmp/0xz  T_14.77, 8;
    %pushi/vec4 0, 0, 1;
    %ix/getv 4, v0x7ff554886c70_0;
    %store/vec4 v0x7ff554887ab0_0, 4, 1;
    %load/vec4 v0x7ff554887ab0_0;
    %or/r;
    %flag_set/vec4 8;
    %jmp/0xz  T_14.79, 8;
    %alloc S_0x7ff5548848c0;
    %load/vec4 v0x7ff554887ab0_0;
    %store/vec4 v0x7ff554884de0_0, 0, 8;
    %callf/vec4 TD_elevator_controller_tb.dut.scan_highest_request, S_0x7ff5548848c0;
    %free S_0x7ff5548848c0;
    %store/vec4 v0x7ff554887210_0, 0, 3;
    %alloc S_0x7ff554884fe0;
    %load/vec4 v0x7ff554887ab0_0;
    %store/vec4 v0x7ff5548854e0_0, 0, 8;
    %callf/vec4 TD_elevator_controller_tb.dut.scan_lowest_request, S_0x7ff554884fe0;
    %free S_0x7ff554884fe0;
    %store/vec4 v0x7ff554887420_0, 0, 3;
    %jmp T_14.80;
T_14.79 ;
    %pushi/vec4 0, 0, 3;
    %store/vec4 v0x7ff554887210_0, 0, 3;
    %pushi/vec4 7, 0, 3;
    %store/vec4 v0x7ff554887420_0, 0, 3;
T_14.80 ;
T_14.77 ;
    %pushi/vec4 4, 0, 3;
    %store/vec4 v0x7ff554886390_0, 0, 3;
    %jmp T_14.23;
T_14.23 ;
    %pop/vec4 1;
T_14.13 ;
T_14.9 ;
T_14.7 ;
    %end;
    .scope S_0x7ff554882310;
t_14 %join;
    %jmp T_14;
    .thread T_14, $push;
    .scope S_0x7ff554882310;
T_15 ;
    %wait E_0x7ff554882cb0;
    %load/vec4 v0x7ff554887c10_0;
    %flag_set/vec4 8;
    %jmp/0xz  T_15.0, 8;
    %pushi/vec4 0, 0, 3;
    %assign/vec4 v0x7ff554887ea0_0, 0;
    %pushi/vec4 0, 0, 8;
    %assign/vec4 v0x7ff554887b60_0, 0;
    %pushi/vec4 0, 0, 3;
    %assign/vec4 v0x7ff5548872c0_0, 0;
    %pushi/vec4 7, 0, 3;
    %assign/vec4 v0x7ff5548874d0_0, 0;
    %pushi/vec4 0, 0, 3;
    %assign/vec4 v0x7ff554886c70_0, 0;
    %pushi/vec4 1, 0, 1;
    %assign/vec4 v0x7ff554885f80_0, 0;
    %pushi/vec4 0, 0, 1;
    %assign/vec4 v0x7ff554885e40_0, 0;
    %pushi/vec4 0, 0, 1;
    %assign/vec4 v0x7ff554886200_0, 0;
    %pushi/vec4 1, 0, 1;
    %assign/vec4 v0x7ff554887170_0, 0;
    %pushi/vec4 0, 0, 3;
    %assign/vec4 v0x7ff554886420_0, 0;
    %pushi/vec4 0, 0, 1;
    %assign/vec4 v0x7ff554886600_0, 0;
    %pushi/vec4 1, 0, 1;
    %assign/vec4 v0x7ff554886920_0, 0;
    %pushi/vec4 0, 0, 1;
    %assign/vec4 v0x7ff5548867e0_0, 0;
    %pushi/vec4 1, 0, 3;
    %assign/vec4 v0x7ff554886a70_0, 0;
    %jmp T_15.1;
T_15.0 ;
    %load/vec4 v0x7ff554887df0_0;
    %assign/vec4 v0x7ff554887ea0_0, 0;
    %load/vec4 v0x7ff554887ab0_0;
    %assign/vec4 v0x7ff554887b60_0, 0;
    %load/vec4 v0x7ff554887210_0;
    %assign/vec4 v0x7ff5548872c0_0, 0;
    %load/vec4 v0x7ff554887420_0;
    %assign/vec4 v0x7ff5548874d0_0, 0;
    %load/vec4 v0x7ff554886b20_0;
    %assign/vec4 v0x7ff554886c70_0, 0;
    %load/vec4 v0x7ff554885ee0_0;
    %assign/vec4 v0x7ff554885f80_0, 0;
    %load/vec4 v0x7ff554885da0_0;
    %assign/vec4 v0x7ff554885e40_0, 0;
    %load/vec4 v0x7ff554886160_0;
    %assign/vec4 v0x7ff554886200_0, 0;
    %load/vec4 v0x7ff5548870d0_0;
    %assign/vec4 v0x7ff554887170_0, 0;
    %load/vec4 v0x7ff554886390_0;
    %assign/vec4 v0x7ff554886420_0, 0;
    %load/vec4 v0x7ff554886560_0;
    %assign/vec4 v0x7ff554886600_0, 0;
    %load/vec4 v0x7ff554886880_0;
    %assign/vec4 v0x7ff554886920_0, 0;
    %load/vec4 v0x7ff554886740_0;
    %assign/vec4 v0x7ff5548867e0_0, 0;
    %load/vec4 v0x7ff5548869c0_0;
    %assign/vec4 v0x7ff554886a70_0, 0;
T_15.1 ;
    %jmp T_15;
    .thread T_15;
    .scope S_0x7ff55485c810;
T_16 ;
    %pushi/vec4 0, 0, 1;
    %store/vec4 v0x7ff554888640_0, 0, 1;
    %pushi/vec4 1, 0, 1;
    %store/vec4 v0x7ff554889450_0, 0, 1;
    %pushi/vec4 0, 0, 1;
    %store/vec4 v0x7ff5548893c0_0, 0, 1;
    %pushi/vec4 0, 0, 3;
    %store/vec4 v0x7ff5548892a0_0, 0, 3;
    %pushi/vec4 1, 0, 1;
    %store/vec4 v0x7ff554889210_0, 0, 1;
    %pushi/vec4 0, 0, 1;
    %store/vec4 v0x7ff554889330_0, 0, 1;
    %pushi/vec4 0, 0, 8;
    %store/vec4 v0x7ff554888590_0, 0, 8;
    %pushi/vec4 0, 0, 8;
    %store/vec4 v0x7ff554888c60_0, 0, 8;
    %pushi/vec4 0, 0, 8;
    %store/vec4 v0x7ff554888bd0_0, 0, 8;
    %pushi/vec4 0, 0, 1;
    %store/vec4 v0x7ff554888940_0, 0, 1;
    %pushi/vec4 0, 0, 1;
    %store/vec4 v0x7ff5548887c0_0, 0, 1;
    %pushi/vec4 0, 0, 1;
    %store/vec4 v0x7ff554889660_0, 0, 1;
    %pushi/vec4 0, 0, 1;
    %store/vec4 v0x7ff5548884e0_0, 0, 1;
    %delay 20000, 0;
    %pushi/vec4 0, 0, 1;
    %store/vec4 v0x7ff554889450_0, 0, 1;
    %alloc S_0x7ff554888250;
    %pushi/vec4 1, 0, 3;
    %store/vec4 v0x7ff5548883c0_0, 0, 3;
    %pushi/vec4 1, 0, 1;
    %store/vec4 v0x7ff5548828c0_0, 0, 1;
    %pushi/vec4 0, 0, 1;
    %store/vec4 v0x7ff554888450_0, 0, 1;
    %fork TD_elevator_controller_tb.pulse_request, S_0x7ff554888250;
    %join;
    %free S_0x7ff554888250;
    %pushi/vec4 20, 0, 32;
T_16.0 %dup/vec4;
    %cmpi/s 0, 0, 32;
    %jmp/1xz T_16.1, 5;
    %jmp/1 T_16.1, 4;
    %subi 1, 0, 32;
    %wait E_0x7ff5548822d0;
    %jmp T_16.0;
T_16.1 ;
    %pop/vec4 1;
    %alloc S_0x7ff554888250;
    %pushi/vec4 4, 0, 3;
    %store/vec4 v0x7ff5548883c0_0, 0, 3;
    %pushi/vec4 1, 0, 1;
    %store/vec4 v0x7ff5548828c0_0, 0, 1;
    %pushi/vec4 0, 0, 1;
    %store/vec4 v0x7ff554888450_0, 0, 1;
    %fork TD_elevator_controller_tb.pulse_request, S_0x7ff554888250;
    %join;
    %free S_0x7ff554888250;
    %pushi/vec4 10, 0, 32;
T_16.2 %dup/vec4;
    %cmpi/s 0, 0, 32;
    %jmp/1xz T_16.3, 5;
    %jmp/1 T_16.3, 4;
    %subi 1, 0, 32;
    %wait E_0x7ff5548822d0;
    %jmp T_16.2;
T_16.3 ;
    %pop/vec4 1;
    %alloc S_0x7ff554888250;
    %pushi/vec4 3, 0, 3;
    %store/vec4 v0x7ff5548883c0_0, 0, 3;
    %pushi/vec4 1, 0, 1;
    %store/vec4 v0x7ff5548828c0_0, 0, 1;
    %pushi/vec4 0, 0, 1;
    %store/vec4 v0x7ff554888450_0, 0, 1;
    %fork TD_elevator_controller_tb.pulse_request, S_0x7ff554888250;
    %join;
    %free S_0x7ff554888250;
    %pushi/vec4 10, 0, 32;
T_16.4 %dup/vec4;
    %cmpi/s 0, 0, 32;
    %jmp/1xz T_16.5, 5;
    %jmp/1 T_16.5, 4;
    %subi 1, 0, 32;
    %wait E_0x7ff5548822d0;
    %jmp T_16.4;
T_16.5 ;
    %pop/vec4 1;
    %alloc S_0x7ff554888250;
    %pushi/vec4 7, 0, 3;
    %store/vec4 v0x7ff5548883c0_0, 0, 3;
    %pushi/vec4 1, 0, 1;
    %store/vec4 v0x7ff5548828c0_0, 0, 1;
    %pushi/vec4 0, 0, 1;
    %store/vec4 v0x7ff554888450_0, 0, 1;
    %fork TD_elevator_controller_tb.pulse_request, S_0x7ff554888250;
    %join;
    %free S_0x7ff554888250;
    %pushi/vec4 10, 0, 32;
T_16.6 %dup/vec4;
    %cmpi/s 0, 0, 32;
    %jmp/1xz T_16.7, 5;
    %jmp/1 T_16.7, 4;
    %subi 1, 0, 32;
    %wait E_0x7ff5548822d0;
    %jmp T_16.6;
T_16.7 ;
    %pop/vec4 1;
    %pushi/vec4 1, 0, 1;
    %store/vec4 v0x7ff554888940_0, 0, 1;
    %pushi/vec4 4, 0, 32;
T_16.8 %dup/vec4;
    %cmpi/s 0, 0, 32;
    %jmp/1xz T_16.9, 5;
    %jmp/1 T_16.9, 4;
    %subi 1, 0, 32;
    %wait E_0x7ff5548822d0;
    %jmp T_16.8;
T_16.9 ;
    %pop/vec4 1;
    %pushi/vec4 0, 0, 1;
    %store/vec4 v0x7ff554888940_0, 0, 1;
    %pushi/vec4 10, 0, 32;
T_16.10 %dup/vec4;
    %cmpi/s 0, 0, 32;
    %jmp/1xz T_16.11, 5;
    %jmp/1 T_16.11, 4;
    %subi 1, 0, 32;
    %wait E_0x7ff5548822d0;
    %jmp T_16.10;
T_16.11 ;
    %pop/vec4 1;
    %alloc S_0x7ff554888250;
    %pushi/vec4 2, 0, 3;
    %store/vec4 v0x7ff5548883c0_0, 0, 3;
    %pushi/vec4 1, 0, 1;
    %store/vec4 v0x7ff5548828c0_0, 0, 1;
    %pushi/vec4 0, 0, 1;
    %store/vec4 v0x7ff554888450_0, 0, 1;
    %fork TD_elevator_controller_tb.pulse_request, S_0x7ff554888250;
    %join;
    %free S_0x7ff554888250;
    %pushi/vec4 30, 0, 32;
T_16.12 %dup/vec4;
    %cmpi/s 0, 0, 32;
    %jmp/1xz T_16.13, 5;
    %jmp/1 T_16.13, 4;
    %subi 1, 0, 32;
    %wait E_0x7ff5548822d0;
    %jmp T_16.12;
T_16.13 ;
    %pop/vec4 1;
    %vpi_call/w 4 109 "$display", "Simulation finished at floor %0d, requests=%b", v0x7ff554888710_0, v0x7ff554889060_0 {0 0 0};
    %vpi_call/w 4 110 "$finish" {0 0 0};
    %end;
    .thread T_16;
    .scope S_0x7ff55485c810;
T_17 ;
    %vpi_call/w 4 114 "$monitor", "t=%0t floor=%0d state=%0d idle=%b up=%b down=%b door=%b req=%b max=%0d min=%0d", $time, v0x7ff554888710_0, v0x7ff554888aa0_0, v0x7ff554888cf0_0, v0x7ff554888fb0_0, v0x7ff554888f00_0, v0x7ff554888890_0, v0x7ff554889060_0, v0x7ff554888da0_0, v0x7ff554888e50_0 {0 0 0};
    %end;
    .thread T_17;
    .scope S_0x7ff55485c810;
T_18 ;
    %delay 5000, 0;
    %load/vec4 v0x7ff554888640_0;
    %inv;
    %store/vec4 v0x7ff554888640_0, 0, 1;
    %jmp T_18;
    .thread T_18;
    .scope S_0x7ff55485c810;
T_19 ;
Ewait_2 .event/or E_0x7ff554882290, E_0x0;
    %wait Ewait_2;
    %load/vec4 v0x7ff554888710_0;
    %pushi/vec4 7, 0, 3;
    %cmp/e;
    %flag_get/vec4 4;
    %store/vec4 v0x7ff554889660_0, 0, 1;
    %load/vec4 v0x7ff554888710_0;
    %pushi/vec4 0, 0, 3;
    %cmp/e;
    %flag_get/vec4 4;
    %store/vec4 v0x7ff5548884e0_0, 0, 1;
    %jmp T_19;
    .thread T_19, $push;
# The file index is used to find the file name in the following table.
:file_names 5;
    "N/A";
    "<interactive>";
    "-";
    "elevator_controller.sv";
    "elevator_controller_tb.sv";
